Archive member included to satisfy reference by file (symbol)

C:/ST/STM32CubeIDE_1.16.0/STM32CubeIDE/plugins/com.st.stm32cube.ide.mcu.externaltools.gnu-tools-for-stm32.12.3.rel1.win32_1.0.200.202406191623/tools/bin/../lib/gcc/arm-none-eabi/12.3.1/../../../../arm-none-eabi/lib/thumb/v7e-m+fp/hard\libc_nano.a(libc_a-exit.o)
                              C:/ST/STM32CubeIDE_1.16.0/STM32CubeIDE/plugins/com.st.stm32cube.ide.mcu.externaltools.gnu-tools-for-stm32.12.3.rel1.win32_1.0.200.202406191623/tools/bin/../lib/gcc/arm-none-eabi/12.3.1/../../../../arm-none-eabi/lib/thumb/v7e-m+fp/hard/crt0.o (exit)
C:/ST/STM32CubeIDE_1.16.0/STM32CubeIDE/plugins/com.st.stm32cube.ide.mcu.externaltools.gnu-tools-for-stm32.12.3.rel1.win32_1.0.200.202406191623/tools/bin/../lib/gcc/arm-none-eabi/12.3.1/../../../../arm-none-eabi/lib/thumb/v7e-m+fp/hard\libc_nano.a(libc_a-findfp.o)
                              C:/ST/STM32CubeIDE_1.16.0/STM32CubeIDE/plugins/com.st.stm32cube.ide.mcu.externaltools.gnu-tools-for-stm32.12.3.rel1.win32_1.0.200.202406191623/tools/bin/../lib/gcc/arm-none-eabi/12.3.1/../../../../arm-none-eabi/lib/thumb/v7e-m+fp/hard\libc_nano.a(libc_a-exit.o) (__stdio_exit_handler)
C:/ST/STM32CubeIDE_1.16.0/STM32CubeIDE/plugins/com.st.stm32cube.ide.mcu.externaltools.gnu-tools-for-stm32.12.3.rel1.win32_1.0.200.202406191623/tools/bin/../lib/gcc/arm-none-eabi/12.3.1/../../../../arm-none-eabi/lib/thumb/v7e-m+fp/hard\libc_nano.a(libc_a-fwalk.o)
                              C:/ST/STM32CubeIDE_1.16.0/STM32CubeIDE/plugins/com.st.stm32cube.ide.mcu.externaltools.gnu-tools-for-stm32.12.3.rel1.win32_1.0.200.202406191623/tools/bin/../lib/gcc/arm-none-eabi/12.3.1/../../../../arm-none-eabi/lib/thumb/v7e-m+fp/hard\libc_nano.a(libc_a-findfp.o) (_fwalk_sglue)
C:/ST/STM32CubeIDE_1.16.0/STM32CubeIDE/plugins/com.st.stm32cube.ide.mcu.externaltools.gnu-tools-for-stm32.12.3.rel1.win32_1.0.200.202406191623/tools/bin/../lib/gcc/arm-none-eabi/12.3.1/../../../../arm-none-eabi/lib/thumb/v7e-m+fp/hard\libc_nano.a(libc_a-snprintf.o)
                              ./Core/Src/main.o (snprintf)
C:/ST/STM32CubeIDE_1.16.0/STM32CubeIDE/plugins/com.st.stm32cube.ide.mcu.externaltools.gnu-tools-for-stm32.12.3.rel1.win32_1.0.200.202406191623/tools/bin/../lib/gcc/arm-none-eabi/12.3.1/../../../../arm-none-eabi/lib/thumb/v7e-m+fp/hard\libc_nano.a(libc_a-stdio.o)
                              C:/ST/STM32CubeIDE_1.16.0/STM32CubeIDE/plugins/com.st.stm32cube.ide.mcu.externaltools.gnu-tools-for-stm32.12.3.rel1.win32_1.0.200.202406191623/tools/bin/../lib/gcc/arm-none-eabi/12.3.1/../../../../arm-none-eabi/lib/thumb/v7e-m+fp/hard\libc_nano.a(libc_a-findfp.o) (__sread)
C:/ST/STM32CubeIDE_1.16.0/STM32CubeIDE/plugins/com.st.stm32cube.ide.mcu.externaltools.gnu-tools-for-stm32.12.3.rel1.win32_1.0.200.202406191623/tools/bin/../lib/gcc/arm-none-eabi/12.3.1/../../../../arm-none-eabi/lib/thumb/v7e-m+fp/hard\libc_nano.a(libc_a-memset.o)
                              C:/ST/STM32CubeIDE_1.16.0/STM32CubeIDE/plugins/com.st.stm32cube.ide.mcu.externaltools.gnu-tools-for-stm32.12.3.rel1.win32_1.0.200.202406191623/tools/bin/../lib/gcc/arm-none-eabi/12.3.1/../../../../arm-none-eabi/lib/thumb/v7e-m+fp/hard/crt0.o (memset)
C:/ST/STM32CubeIDE_1.16.0/STM32CubeIDE/plugins/com.st.stm32cube.ide.mcu.externaltools.gnu-tools-for-stm32.12.3.rel1.win32_1.0.200.202406191623/tools/bin/../lib/gcc/arm-none-eabi/12.3.1/../../../../arm-none-eabi/lib/thumb/v7e-m+fp/hard\libc_nano.a(libc_a-closer.o)
                              C:/ST/STM32CubeIDE_1.16.0/STM32CubeIDE/plugins/com.st.stm32cube.ide.mcu.externaltools.gnu-tools-for-stm32.12.3.rel1.win32_1.0.200.202406191623/tools/bin/../lib/gcc/arm-none-eabi/12.3.1/../../../../arm-none-eabi/lib/thumb/v7e-m+fp/hard\libc_nano.a(libc_a-stdio.o) (_close_r)
C:/ST/STM32CubeIDE_1.16.0/STM32CubeIDE/plugins/com.st.stm32cube.ide.mcu.externaltools.gnu-tools-for-stm32.12.3.rel1.win32_1.0.200.202406191623/tools/bin/../lib/gcc/arm-none-eabi/12.3.1/../../../../arm-none-eabi/lib/thumb/v7e-m+fp/hard\libc_nano.a(libc_a-reent.o)
                              C:/ST/STM32CubeIDE_1.16.0/STM32CubeIDE/plugins/com.st.stm32cube.ide.mcu.externaltools.gnu-tools-for-stm32.12.3.rel1.win32_1.0.200.202406191623/tools/bin/../lib/gcc/arm-none-eabi/12.3.1/../../../../arm-none-eabi/lib/thumb/v7e-m+fp/hard\libc_nano.a(libc_a-closer.o) (errno)
C:/ST/STM32CubeIDE_1.16.0/STM32CubeIDE/plugins/com.st.stm32cube.ide.mcu.externaltools.gnu-tools-for-stm32.12.3.rel1.win32_1.0.200.202406191623/tools/bin/../lib/gcc/arm-none-eabi/12.3.1/../../../../arm-none-eabi/lib/thumb/v7e-m+fp/hard\libc_nano.a(libc_a-impure.o)
                              C:/ST/STM32CubeIDE_1.16.0/STM32CubeIDE/plugins/com.st.stm32cube.ide.mcu.externaltools.gnu-tools-for-stm32.12.3.rel1.win32_1.0.200.202406191623/tools/bin/../lib/gcc/arm-none-eabi/12.3.1/../../../../arm-none-eabi/lib/thumb/v7e-m+fp/hard\libc_nano.a(libc_a-snprintf.o) (_impure_ptr)
[...]
Memory Configuration

Name             Origin             Length             Attributes
RAM              0x20000000         0x00040000         xrw
FLASH            0x08000000         0x00100000         xr
*default*        0x00000000         0xffffffff

Linker script and memory map

LOAD C:/ST/STM32CubeIDE_1.16.0/STM32CubeIDE/plugins/com.st.stm32cube.ide.mcu.externaltools.gnu-tools-for-stm32.12.3.rel1.win32_1.0.200.202406191623/tools/bin/../lib/gcc/arm-none-eabi/12.3.1/thumb/v7e-m+fp/hard/crti.o
LOAD C:/ST/STM32CubeIDE_1.16.0/STM32CubeIDE/plugins/com.st.stm32cube.ide.mcu.externaltools.gnu-tools-for-stm32.12.3.rel1.win32_1.0.200.202406191623/tools/bin/../lib/gcc/arm-none-eabi/12.3.1/thumb/v7e-m+fp/hard/crtbegin.o
LOAD C:/ST/STM32CubeIDE_1.16.0/STM32CubeIDE/plugins/com.st.stm32cube.ide.mcu.externaltools.gnu-tools-for-stm32.12.3.rel1.win32_1.0.200.202406191623/tools/bin/../lib/gcc/arm-none-eabi/12.3.1/../../../../arm-none-eabi/lib/thumb/v7e-m+fp/hard/crt0.o
LOAD ./Core/Src/main.o
LOAD ./Core/Src/stm32f4xx_hal_msp.o
LOAD ./Core/Src/stm32f4xx_it.o
LOAD ./Core/Src/syscalls.o
LOAD ./Core/Src/sysmem.o
LOAD ./Core/Src/system_stm32f4xx.o
LOAD ./Core/Startup/startup_stm32f412cgux.o
LOAD ./Drivers/STM32F4xx_HAL_Driver/Src/stm32f4xx_hal.o
LOAD ./Drivers/STM32F4xx_HAL_Driver/Src/stm32f4xx_hal_cortex.o
LOAD ./Drivers/STM32F4xx_HAL_Driver/Src/stm32f4xx_hal_dma.o
LOAD ./Drivers/STM32F4xx_HAL_Driver/Src/stm32f4xx_hal_dma_ex.o
LOAD ./Drivers/STM32F4xx_HAL_Driver/Src/stm32f4xx_hal_exti.o
LOAD ./Drivers/STM32F4xx_HAL_Driver/Src/stm32f4xx_hal_flash.o
LOAD ./Drivers/STM32F4xx_HAL_Driver/Src/stm32f4xx_hal_flash_ex.o
LOAD ./Drivers/STM32F4xx_HAL_Driver/Src/stm32f4xx_hal_flash_ramfunc.o
LOAD ./Drivers/STM32F4xx_HAL_Driver/Src/stm32f4xx_hal_gpio.o
LOAD ./Drivers/STM32F4xx_HAL_Driver/Src/stm32f4xx_hal_pcd.o
LOAD ./Drivers/STM32F4xx_HAL_Driver/Src/stm32f4xx_hal_pcd_ex.o
LOAD ./Drivers/STM32F4xx_HAL_Driver/Src/stm32f4xx_hal_pwr.o
LOAD ./Drivers/STM32F4xx_HAL_Driver/Src/stm32f4xx_hal_pwr_ex.o
LOAD ./Drivers/STM32F4xx_HAL_Driver/Src/stm32f4xx_hal_rcc.o
LOAD ./Drivers/STM32F4xx_HAL_Driver/Src/stm32f4xx_hal_rcc_ex.o
LOAD ./Drivers/STM32F4xx_HAL_Driver/Src/stm32f4xx_hal_tim.o
LOAD ./Drivers/STM32F4xx_HAL_Driver/Src/stm32f4xx_hal_tim_ex.o
LOAD ./Drivers/STM32F4xx_HAL_Driver/Src/stm32f4xx_ll_usb.o
LOAD ./Middlewares/ST/STM32_USB_Device_Library/Class/CDC/Src/usbd_cdc.o
LOAD ./Middlewares/ST/STM32_USB_Device_Library/Core/Src/usbd_core.o
LOAD ./Middlewares/ST/STM32_USB_Device_Library/Core/Src/usbd_ctlreq.o
LOAD ./Middlewares/ST/STM32_USB_Device_Library/Core/Src/usbd_ioreq.o
LOAD ./USB_DEVICE/App/usb_device.o
LOAD ./USB_DEVICE/App/usbd_cdc_if.o
LOAD ./USB_DEVICE/App/usbd_desc.o
LOAD ./USB_DEVICE/Target/usbd_conf.o
START GROUP
LOAD C:/ST/STM32CubeIDE_1.16.0/STM32CubeIDE/plugins/com.st.stm32cube.ide.mcu.externaltools.gnu-tools-for-stm32.12.3.rel1.win32_1.0.200.202406191623/tools/bin/../lib/gcc/arm-none-eabi/12.3.1/../../../../arm-none-eabi/lib/thumb/v7e-m+fp/hard\libc_nano.a
LOAD C:/ST/STM32CubeIDE_1.16.0/STM32CubeIDE/plugins/com.st.stm32cube.ide.mcu.externaltools.gnu-tools-for-stm32.12.3.rel1.win32_1.0.200.202406191623/tools/bin/../lib/gcc/arm-none-eabi/12.3.1/../../../../arm-none-eabi/lib/thumb/v7e-m+fp/hard\libm.a
END GROUP
START GROUP
LOAD C:/ST/STM32CubeIDE_1.16.0/STM32CubeIDE/plugins/com.st.stm32cube.ide.mcu.externaltools.gnu-tools-for-stm32.12.3.rel1.win32_1.0.200.202406191623/tools/bin/../lib/gcc/arm-none-eabi/12.3.1/thumb/v7e-m+fp/hard\libgcc.a
LOAD C:/ST/STM32CubeIDE_1.16.0/STM32CubeIDE/plugins/com.st.stm32cube.ide.mcu.externaltools.gnu-tools-for-stm32.12.3.rel1.win32_1.0.200.202406191623/tools/bin/../lib/gcc/arm-none-eabi/12.3.1/../../../../arm-none-eabi/lib/thumb/v7e-m+fp/hard\libc_nano.a
END GROUP
START GROUP
LOAD C:/ST/STM32CubeIDE_1.16.0/STM32CubeIDE/plugins/com.st.stm32cube.ide.mcu.externaltools.gnu-tools-for-stm32.12.3.rel1.win32_1.0.200.202406191623/tools/bin/../lib/gcc/arm-none-eabi/12.3.1/thumb/v7e-m+fp/hard\libgcc.a
LOAD C:/ST/STM32CubeIDE_1.16.0/STM32CubeIDE/plugins/com.st.stm32cube.ide.mcu.externaltools.gnu-tools-for-stm32.12.3.rel1.win32_1.0.200.202406191623/tools/bin/../lib/gcc/arm-none-eabi/12.3.1/../../../../arm-none-eabi/lib/thumb/v7e-m+fp/hard\libc_nano.a
LOAD C:/ST/STM32CubeIDE_1.16.0/STM32CubeIDE/plugins/com.st.stm32cube.ide.mcu.externaltools.gnu-tools-for-stm32.12.3.rel1.win32_1.0.200.202406191623/tools/bin/../lib/gcc/arm-none-eabi/12.3.1/../../../../arm-none-eabi/lib/thumb/v7e-m+fp/hard\libnosys.a
END GROUP
START GROUP
LOAD C:/ST/STM32CubeIDE_1.16.0/STM32CubeIDE/plugins/com.st.stm32cube.ide.mcu.externaltools.gnu-tools-for-stm32.12.3.rel1.win32_1.0.200.202406191623/tools/bin/../lib/gcc/arm-none-eabi/12.3.1/thumb/v7e-m+fp/hard\libgcc.a
LOAD C:/ST/STM32CubeIDE_1.16.0/STM32CubeIDE/plugins/com.st.stm32cube.ide.mcu.externaltools.gnu-tools-for-stm32.12.3.rel1.win32_1.0.200.202406191623/tools/bin/../lib/gcc/arm-none-eabi/12.3.1/../../../../arm-none-eabi/lib/thumb/v7e-m+fp/hard\libc_nano.a
LOAD C:/ST/STM32CubeIDE_1.16.0/STM32CubeIDE/plugins/com.st.stm32cube.ide.mcu.externaltools.gnu-tools-for-stm32.12.3.rel1.win32_1.0.200.202406191623/tools/bin/../lib/gcc/arm-none-eabi/12.3.1/../../../../arm-none-eabi/lib/thumb/v7e-m+fp/hard\libnosys.a
END GROUP
LOAD C:/ST/STM32CubeIDE_1.16.0/STM32CubeIDE/plugins/com.st.stm32cube.ide.mcu.externaltools.gnu-tools-for-stm32.12.3.rel1.win32_1.0.200.202406191623/tools/bin/../lib/gcc/arm-none-eabi/12.3.1/thumb/v7e-m+fp/hard/crtend.o
LOAD C:/ST/STM32CubeIDE_1.16.0/STM32CubeIDE/plugins/com.st.stm32cube.ide.mcu.externaltools.gnu-tools-for-stm32.12.3.rel1.win32_1.0.200.202406191623/tools/bin/../lib/gcc/arm-none-eabi/12.3.1/thumb/v7e-m+fp/hard/crtn.o
                0x20040000                        _estack = (ORIGIN (RAM) + LENGTH (RAM))
                0x00000200                        _Min_Heap_Size = 0x200
                0x00000400                        _Min_Stack_Size = 0x400

.isr_vector     0x08000000      0x1c4
                0x08000000                        . = ALIGN (0x4)
 *(.isr_vector)
 .isr_vector    0x08000000      0x1c4 ./Core/Startup/startup_stm32f412cgux.o
                0x08000000                g_pfnVectors
                0x080001c4                        . = ALIGN (0x4)

.text           0x080001d0     0x7ab0
                0x080001d0                        . = ALIGN (0x4)
 *(.text)
 .text          0x080001d0       0x40 C:/ST/STM32CubeIDE_1.16.0/STM32CubeIDE/plugins/com.st.stm32cube.ide.mcu.externaltools.gnu-tools-for-stm32.12.3.rel1.win32_1.0.200.202406191623/tools/bin/../lib/gcc/arm-none-eabi/12.3.1/thumb/v7e-m+fp/hard/crtbegin.o
 .text          0x08000210       0xa0 C:/ST/STM32CubeIDE_1.16.0/STM32CubeIDE/plugins/com.st.stm32cube.ide.mcu.externaltools.gnu-tools-for-stm32.12.3.rel1.win32_1.0.200.202406191623/tools/bin/../lib/gcc/arm-none-eabi/12.3.1/../../../../arm-none-eabi/lib/thumb/v7e-m+fp/hard\libc_nano.a(libc_a-memchr.o)
                0x08000210                memchr
 .text          0x080002b0       0x30 C:/ST/STM32CubeIDE_1.16.0/STM32CubeIDE/plugins/com.st.stm32cube.ide.mcu.externaltools.gnu-tools-for-stm32.12.3.rel1.win32_1.0.200.202406191623/tools/bin/../lib/gcc/arm-none-eabi/12.3.1/thumb/v7e-m+fp/hard\libgcc.a(_aeabi_uldivmod.o)
                0x080002b0                __aeabi_uldivmod
 .text          0x080002e0      0x2bc C:/ST/STM32CubeIDE_1.16.0/STM32CubeIDE/plugins/com.st.stm32cube.ide.mcu.externaltools.gnu-tools-for-stm32.12.3.rel1.win32_1.0.200.202406191623/tools/bin/../lib/gcc/arm-none-eabi/12.3.1/thumb/v7e-m+fp/hard\libgcc.a(_udivmoddi4.o)
                0x080002e0                __udivmoddi4
 .text          0x0800059c        0x4 C:/ST/STM32CubeIDE_1.16.0/STM32CubeIDE/plugins/com.st.stm32cube.ide.mcu.externaltools.gnu-tools-for-stm32.12.3.rel1.win32_1.0.200.202406191623/tools/bin/../lib/gcc/arm-none-eabi/12.3.1/thumb/v7e-m+fp/hard\libgcc.a(_dvmd_tls.o)
                0x0800059c                __aeabi_idiv0
                0x0800059c                __aeabi_ldiv0
 *(.text*)
 .text.main     0x080005a0       0x98 ./Core/Src/main.o
                0x080005a0                main
 .text.SystemClock_Config
                0x08000638       0xd4 ./Core/Src/main.o
                0x08000638                SystemClock_Config
 .text.MX_GPIO_Init
                0x0800070c       0xa0 ./Core/Src/main.o
 .text.Error_Handler
                0x080007ac        0xc ./Core/Src/main.o
                0x080007ac                Error_Handler
 .text.HAL_MspInit
                0x080007b8       0x50 ./Core/Src/stm32f4xx_hal_msp.o
                0x080007b8                HAL_MspInit
 .text.NMI_Handler
                0x08000808        0x8 ./Core/Src/stm32f4xx_it.o
                0x08000808                NMI_Handler
 .text.HardFault_Handler
                0x08000810        0x8 ./Core/Src/stm32f4xx_it.o
                0x08000810                HardFault_Handler
 .text.MemManage_Handler
                0x08000818        0x8 ./Core/Src/stm32f4xx_it.o
                0x08000818                MemManage_Handler
 .text.BusFault_Handler
                0x08000820        0x8 ./Core/Src/stm32f4xx_it.o
                0x08000820                BusFault_Handler
 .text.UsageFault_Handler
                0x08000828        0x8 ./Core/Src/stm32f4xx_it.o
                0x08000828                UsageFault_Handler
 .text.SVC_Handler
                0x08000830        0xe ./Core/Src/stm32f4xx_it.o
                0x08000830                SVC_Handler
 .text.DebugMon_Handler
                0x0800083e        0xe ./Core/Src/stm32f4xx_it.o
                0x0800083e                DebugMon_Handler
 .text.PendSV_Handler
                0x0800084c        0xe ./Core/Src/stm32f4xx_it.o
                0x0800084c                PendSV_Handler
 .text.SysTick_Handler
                0x0800085a        0xc ./Core/Src/stm32f4xx_it.o
                0x0800085a                SysTick_Handler
 *fill*         0x08000866        0x2 
 .text.OTG_FS_IRQHandler
                0x08000868       0x14 ./Core/Src/stm32f4xx_it.o
                0x08000868                OTG_FS_IRQHandler
 .text._sbrk    0x0800087c       0x6c ./Core/Src/sysmem.o
                0x0800087c                _sbrk
 .text.SystemInit
                0x080008e8       0x24 ./Core/Src/system_stm32f4xx.o
                0x080008e8                SystemInit
 .text.Reset_Handler
                0x0800090c       0x50 ./Core/Startup/startup_stm32f412cgux.o
                0x0800090c                Reset_Handler
 .text.Default_Handler
                0x0800095c        0x2 ./Core/Startup/startup_stm32f412cgux.o
                0x0800095c                RTC_Alarm_IRQHandler
                0x0800095c                EXTI2_IRQHandler
                0x0800095c                TIM8_CC_IRQHandler
                0x0800095c                FMPI2C1_EV_IRQHandler
                0x0800095c                SPI4_IRQHandler
                0x0800095c                TIM1_CC_IRQHandler
                0x0800095c                DMA2_Stream5_IRQHandler
                0x0800095c                DMA1_Stream5_IRQHandler
                0x0800095c                TIM6_IRQHandler
                0x0800095c                PVD_IRQHandler
                0x0800095c                SDIO_IRQHandler
                0x0800095c                TAMP_STAMP_IRQHandler
                0x0800095c                CAN2_RX1_IRQHandler
                0x0800095c                EXTI3_IRQHandler
                0x0800095c                TIM8_TRG_COM_TIM14_IRQHandler
                0x0800095c                DFSDM1_FLT1_IRQHandler
                0x0800095c                TIM1_UP_TIM10_IRQHandler
                0x0800095c                TIM8_UP_TIM13_IRQHandler
                0x0800095c                I2C3_ER_IRQHandler
                0x0800095c                EXTI0_IRQHandler
                0x0800095c                I2C2_EV_IRQHandler
                0x0800095c                DMA1_Stream2_IRQHandler
                0x0800095c                CAN1_RX0_IRQHandler
                0x0800095c                FPU_IRQHandler
                0x0800095c                CAN2_SCE_IRQHandler
                0x0800095c                DMA2_Stream2_IRQHandler
                0x0800095c                SPI1_IRQHandler
                0x0800095c                TIM1_BRK_TIM9_IRQHandler
                0x0800095c                CAN2_RX0_IRQHandler
                0x0800095c                DMA2_Stream3_IRQHandler
                0x0800095c                USART6_IRQHandler
                0x0800095c                USART3_IRQHandler
                0x0800095c                CAN1_RX1_IRQHandler
                0x0800095c                DMA2_Stream0_IRQHandler
                0x0800095c                TIM4_IRQHandler
                0x0800095c                I2C1_EV_IRQHandler
                0x0800095c                DMA1_Stream6_IRQHandler
                0x0800095c                DMA1_Stream1_IRQHandler
                0x0800095c                TIM3_IRQHandler
                0x0800095c                RCC_IRQHandler
                0x0800095c                TIM8_BRK_TIM12_IRQHandler
                0x0800095c                Default_Handler
                0x0800095c                EXTI15_10_IRQHandler
                0x0800095c                ADC_IRQHandler
                0x0800095c                DMA1_Stream7_IRQHandler
                0x0800095c                SPI5_IRQHandler
                0x0800095c                TIM7_IRQHandler
                0x0800095c                CAN2_TX_IRQHandler
                0x0800095c                TIM5_IRQHandler
                0x0800095c                DMA2_Stream7_IRQHandler
                0x0800095c                I2C3_EV_IRQHandler
                0x0800095c                EXTI9_5_IRQHandler
                0x0800095c                RTC_WKUP_IRQHandler
                0x0800095c                SPI2_IRQHandler
                0x0800095c                DMA1_Stream0_IRQHandler
                0x0800095c                CAN1_TX_IRQHandler
                0x0800095c                FMPI2C1_ER_IRQHandler
                0x0800095c                EXTI4_IRQHandler
                0x0800095c                RNG_IRQHandler
                0x0800095c                WWDG_IRQHandler
                0x0800095c                TIM2_IRQHandler
                0x0800095c                OTG_FS_WKUP_IRQHandler
                0x0800095c                TIM1_TRG_COM_TIM11_IRQHandler
                0x0800095c                EXTI1_IRQHandler
                0x0800095c                USART2_IRQHandler
                0x0800095c                DFSDM1_FLT0_IRQHandler
                0x0800095c                I2C2_ER_IRQHandler
                0x0800095c                DMA2_Stream1_IRQHandler
                0x0800095c                CAN1_SCE_IRQHandler
                0x0800095c                FLASH_IRQHandler
                0x0800095c                DMA2_Stream4_IRQHandler
                0x0800095c                USART1_IRQHandler
                0x0800095c                SPI3_IRQHandler
                0x0800095c                DMA1_Stream4_IRQHandler
                0x0800095c                I2C1_ER_IRQHandler
                0x0800095c                DMA2_Stream6_IRQHandler
                0x0800095c                DMA1_Stream3_IRQHandler
 *fill*         0x0800095e        0x2 
 .text.HAL_Init
                0x08000960       0x44 ./Drivers/STM32F4xx_HAL_Driver/Src/stm32f4xx_hal.o
                0x08000960                HAL_Init
 .text.HAL_InitTick
                0x080009a4       0x60 ./Drivers/STM32F4xx_HAL_Driver/Src/stm32f4xx_hal.o
                0x080009a4                HAL_InitTick
 .text.HAL_IncTick
                0x08000a04       0x28 ./Drivers/STM32F4xx_HAL_Driver/Src/stm32f4xx_hal.o
                0x08000a04                HAL_IncTick
 .text.HAL_GetTick
                0x08000a2c       0x18 ./Drivers/STM32F4xx_HAL_Driver/Src/stm32f4xx_hal.o
                0x08000a2c                HAL_GetTick
 .text.HAL_Delay
                0x08000a44       0x48 ./Drivers/STM32F4xx_HAL_Driver/Src/stm32f4xx_hal.o
                0x08000a44                HAL_Delay
 .text.__NVIC_SetPriorityGrouping
                0x08000a8c       0x48 ./Drivers/STM32F4xx_HAL_Driver/Src/stm32f4xx_hal_cortex.o
 .text.__NVIC_GetPriorityGrouping
                0x08000ad4       0x1c ./Drivers/STM32F4xx_HAL_Driver/Src/stm32f4xx_hal_cortex.o
 .text.__NVIC_EnableIRQ
                0x08000af0       0x3c ./Drivers/STM32F4xx_HAL_Driver/Src/stm32f4xx_hal_cortex.o
 .text.__NVIC_SetPriority
                0x08000b2c       0x54 ./Drivers/STM32F4xx_HAL_Driver/Src/stm32f4xx_hal_cortex.o
 .text.NVIC_EncodePriority
                0x08000b80       0x66 ./Drivers/STM32F4xx_HAL_Driver/Src/stm32f4xx_hal_cortex.o
 *fill*         0x08000be6        0x2 
 .text.SysTick_Config
                0x08000be8       0x44 ./Drivers/STM32F4xx_HAL_Driver/Src/stm32f4xx_hal_cortex.o
 .text.HAL_NVIC_SetPriorityGrouping
                0x08000c2c       0x16 ./Drivers/STM32F4xx_HAL_Driver/Src/stm32f4xx_hal_cortex.o
                0x08000c2c                HAL_NVIC_SetPriorityGrouping
 .text.HAL_NVIC_SetPriority
                0x08000c42       0x38 ./Drivers/STM32F4xx_HAL_Driver/Src/stm32f4xx_hal_cortex.o
                0x08000c42                HAL_NVIC_SetPriority
 .text.HAL_NVIC_EnableIRQ
                0x08000c7a       0x1c ./Drivers/STM32F4xx_HAL_Driver/Src/stm32f4xx_hal_cortex.o
                0x08000c7a                HAL_NVIC_EnableIRQ
 .text.HAL_SYSTICK_Config
                0x08000c96       0x18 ./Drivers/STM32F4xx_HAL_Driver/Src/stm32f4xx_hal_cortex.o
                0x08000c96                HAL_SYSTICK_Config
 *fill*         0x08000cae        0x2 
 .text.HAL_GPIO_Init
                0x08000cb0      0x2e8 ./Drivers/STM32F4xx_HAL_Driver/Src/stm32f4xx_hal_gpio.o
                0x08000cb0                HAL_GPIO_Init
 .text.HAL_GPIO_WritePin
                0x08000f98       0x32 ./Drivers/STM32F4xx_HAL_Driver/Src/stm32f4xx_hal_gpio.o
                0x08000f98                HAL_GPIO_WritePin
 .text.HAL_PCD_Init
                0x08000fca      0x22c ./Drivers/STM32F4xx_HAL_Driver/Src/stm32f4xx_hal_pcd.o
                0x08000fca                HAL_PCD_Init
 .text.HAL_PCD_Start
                0x080011f6       0x6a ./Drivers/STM32F4xx_HAL_Driver/Src/stm32f4xx_hal_pcd.o
                0x080011f6                HAL_PCD_Start
 .text.HAL_PCD_IRQHandler
                0x08001260      0x99c ./Drivers/STM32F4xx_HAL_Driver/Src/stm32f4xx_hal_pcd.o
                0x08001260                HAL_PCD_IRQHandler
 .text.HAL_PCD_SetAddress
                0x08001bfc       0x48 ./Drivers/STM32F4xx_HAL_Driver/Src/stm32f4xx_hal_pcd.o
                0x08001bfc                HAL_PCD_SetAddress
 .text.HAL_PCD_EP_Open
                0x08001c44       0xd0 ./Drivers/STM32F4xx_HAL_Driver/Src/stm32f4xx_hal_pcd.o
                0x08001c44                HAL_PCD_EP_Open
 .text.HAL_PCD_EP_Close
                0x08001d14       0x94 ./Drivers/STM32F4xx_HAL_Driver/Src/stm32f4xx_hal_pcd.o
                0x08001d14                HAL_PCD_EP_Close
 .text.HAL_PCD_EP_Receive
                0x08001da8       0x76 ./Drivers/STM32F4xx_HAL_Driver/Src/stm32f4xx_hal_pcd.o
                0x08001da8                HAL_PCD_EP_Receive
 .text.HAL_PCD_EP_GetRxCount
                0x08001e1e       0x30 ./Drivers/STM32F4xx_HAL_Driver/Src/stm32f4xx_hal_pcd.o
                0x08001e1e                HAL_PCD_EP_GetRxCount
 .text.HAL_PCD_EP_Transmit
                0x08001e4e       0x74 ./Drivers/STM32F4xx_HAL_Driver/Src/stm32f4xx_hal_pcd.o
                0x08001e4e                HAL_PCD_EP_Transmit
 .text.HAL_PCD_EP_SetStall
                0x08001ec2       0xc6 ./Drivers/STM32F4xx_HAL_Driver/Src/stm32f4xx_hal_pcd.o
                0x08001ec2                HAL_PCD_EP_SetStall
 .text.HAL_PCD_EP_ClrStall
                0x08001f88       0xac ./Drivers/STM32F4xx_HAL_Driver/Src/stm32f4xx_hal_pcd.o
                0x08001f88                HAL_PCD_EP_ClrStall
 .text.HAL_PCD_EP_Abort
                0x08002034       0x62 ./Drivers/STM32F4xx_HAL_Driver/Src/stm32f4xx_hal_pcd.o
                0x08002034                HAL_PCD_EP_Abort
 .text.PCD_WriteEmptyTxFifo
                0x08002096      0x118 ./Drivers/STM32F4xx_HAL_Driver/Src/stm32f4xx_hal_pcd.o
 *fill*         0x080021ae        0x2 
 .text.PCD_EP_OutXfrComplete_int
                0x080021b0      0x1d0 ./Drivers/STM32F4xx_HAL_Driver/Src/stm32f4xx_hal_pcd.o
 .text.PCD_EP_OutSetupPacket_int
                0x08002380       0x8c ./Drivers/STM32F4xx_HAL_Driver/Src/stm32f4xx_hal_pcd.o
 .text.HAL_PCDEx_SetTxFiFo
                0x0800240c       0x8e ./Drivers/STM32F4xx_HAL_Driver/Src/stm32f4xx_hal_pcd_ex.o
                0x0800240c                HAL_PCDEx_SetTxFiFo
 .text.HAL_PCDEx_SetRxFiFo
                0x0800249a       0x22 ./Drivers/STM32F4xx_HAL_Driver/Src/stm32f4xx_hal_pcd_ex.o
                0x0800249a                HAL_PCDEx_SetRxFiFo
 .text.HAL_PCDEx_ActivateLPM
                0x080024bc       0x48 ./Drivers/STM32F4xx_HAL_Driver/Src/stm32f4xx_hal_pcd_ex.o
                0x080024bc                HAL_PCDEx_ActivateLPM
 .text.HAL_RCC_ClockConfig
                0x08002504      0x1cc ./Drivers/STM32F4xx_HAL_Driver/Src/stm32f4xx_hal_rcc.o
                0x08002504                HAL_RCC_ClockConfig
 .text.HAL_RCC_GetSysClockFreq
                0x080026d0      0x208 ./Drivers/STM32F4xx_HAL_Driver/Src/stm32f4xx_hal_rcc.o
                0x080026d0                HAL_RCC_GetSysClockFreq
 .text.HAL_RCC_GetHCLKFreq
                0x080028d8       0x18 ./Drivers/STM32F4xx_HAL_Driver/Src/stm32f4xx_hal_rcc.o
                0x080028d8                HAL_RCC_GetHCLKFreq
 .text.HAL_RCCEx_PeriphCLKConfig
                0x080028f0      0x39c ./Drivers/STM32F4xx_HAL_Driver/Src/stm32f4xx_hal_rcc_ex.o
                0x080028f0                HAL_RCCEx_PeriphCLKConfig
 .text.HAL_RCC_OscConfig
                0x08002c8c      0x508 ./Drivers/STM32F4xx_HAL_Driver/Src/stm32f4xx_hal_rcc_ex.o
                0x08002c8c                HAL_RCC_OscConfig
 .text.USB_CoreInit
                0x08003194       0xc8 ./Drivers/STM32F4xx_HAL_Driver/Src/stm32f4xx_ll_usb.o
                0x08003194                USB_CoreInit
 .text.USB_SetTurnaroundTime
                0x0800325c      0x144 ./Drivers/STM32F4xx_HAL_Driver/Src/stm32f4xx_ll_usb.o
                0x0800325c                USB_SetTurnaroundTime
 .text.USB_EnableGlobalInt
                0x080033a0       0x22 ./Drivers/STM32F4xx_HAL_Driver/Src/stm32f4xx_ll_usb.o
                0x080033a0                USB_EnableGlobalInt
 .text.USB_DisableGlobalInt
                0x080033c2       0x22 ./Drivers/STM32F4xx_HAL_Driver/Src/stm32f4xx_ll_usb.o
                0x080033c2                USB_DisableGlobalInt
 .text.USB_SetCurrentMode
                0x080033e4       0x98 ./Drivers/STM32F4xx_HAL_Driver/Src/stm32f4xx_ll_usb.o
                0x080033e4                USB_SetCurrentMode
 .text.USB_DevInit
                0x0800347c      0x2bc ./Drivers/STM32F4xx_HAL_Driver/Src/stm32f4xx_ll_usb.o
                0x0800347c                USB_DevInit
 .text.USB_FlushTxFifo
                0x08003738       0x64 ./Drivers/STM32F4xx_HAL_Driver/Src/stm32f4xx_ll_usb.o
                0x08003738                USB_FlushTxFifo
 .text.USB_FlushRxFifo
                0x0800379c       0x5c ./Drivers/STM32F4xx_HAL_Driver/Src/stm32f4xx_ll_usb.o
                0x0800379c                USB_FlushRxFifo
 .text.USB_SetDevSpeed
                0x080037f8       0x32 ./Drivers/STM32F4xx_HAL_Driver/Src/stm32f4xx_ll_usb.o
                0x080037f8                USB_SetDevSpeed
 .text.USB_GetDevSpeed
                0x0800382a       0x4a ./Drivers/STM32F4xx_HAL_Driver/Src/stm32f4xx_ll_usb.o
                0x0800382a                USB_GetDevSpeed
 .text.USB_ActivateEndpoint
                0x08003874      0x10e ./Drivers/STM32F4xx_HAL_Driver/Src/stm32f4xx_ll_usb.o
                0x08003874                USB_ActivateEndpoint
 *fill*         0x08003982        0x2 
 .text.USB_DeactivateEndpoint
                0x08003984      0x1b8 ./Drivers/STM32F4xx_HAL_Driver/Src/stm32f4xx_ll_usb.o
                0x08003984                USB_DeactivateEndpoint
 .text.USB_EPStartXfer
                0x08003b3c      0x530 ./Drivers/STM32F4xx_HAL_Driver/Src/stm32f4xx_ll_usb.o
                0x08003b3c                USB_EPStartXfer
 .text.USB_EPStopXfer
                0x0800406c      0x154 ./Drivers/STM32F4xx_HAL_Driver/Src/stm32f4xx_ll_usb.o
                0x0800406c                USB_EPStopXfer
 .text.USB_WritePacket
                0x080041c0       0x7c ./Drivers/STM32F4xx_HAL_Driver/Src/stm32f4xx_ll_usb.o
                0x080041c0                USB_WritePacket
 .text.USB_ReadPacket
                0x0800423c       0xb0 ./Drivers/STM32F4xx_HAL_Driver/Src/stm32f4xx_ll_usb.o
                0x0800423c                USB_ReadPacket
 .text.USB_EPSetStall
                0x080042ec       0xdc ./Drivers/STM32F4xx_HAL_Driver/Src/stm32f4xx_ll_usb.o
                0x080042ec                USB_EPSetStall
 .text.USB_EPClearStall
                0x080043c8       0xcc ./Drivers/STM32F4xx_HAL_Driver/Src/stm32f4xx_ll_usb.o
                0x080043c8                USB_EPClearStall
 .text.USB_SetDevAddress
                0x08004494       0x4c ./Drivers/STM32F4xx_HAL_Driver/Src/stm32f4xx_ll_usb.o
                0x08004494                USB_SetDevAddress
 .text.USB_DevConnect
                0x080044e0       0x42 ./Drivers/STM32F4xx_HAL_Driver/Src/stm32f4xx_ll_usb.o
                0x080044e0                USB_DevConnect
 .text.USB_DevDisconnect
                0x08004522       0x42 ./Drivers/STM32F4xx_HAL_Driver/Src/stm32f4xx_ll_usb.o
                0x08004522                USB_DevDisconnect
 .text.USB_ReadInterrupts
                0x08004564       0x26 ./Drivers/STM32F4xx_HAL_Driver/Src/stm32f4xx_ll_usb.o
                0x08004564                USB_ReadInterrupts
 .text.USB_ReadDevAllOutEpInterrupt
                0x0800458a       0x34 ./Drivers/STM32F4xx_HAL_Driver/Src/stm32f4xx_ll_usb.o
                0x0800458a                USB_ReadDevAllOutEpInterrupt
 .text.USB_ReadDevAllInEpInterrupt
                0x080045be       0x34 ./Drivers/STM32F4xx_HAL_Driver/Src/stm32f4xx_ll_usb.o
                0x080045be                USB_ReadDevAllInEpInterrupt
 .text.USB_ReadDevOutEPInterrupt
                0x080045f2       0x3c ./Drivers/STM32F4xx_HAL_Driver/Src/stm32f4xx_ll_usb.o
                0x080045f2                USB_ReadDevOutEPInterrupt
 .text.USB_ReadDevInEPInterrupt
                0x0800462e       0x5c ./Drivers/STM32F4xx_HAL_Driver/Src/stm32f4xx_ll_usb.o
                0x0800462e                USB_ReadDevInEPInterrupt
 .text.USB_GetMode
                0x0800468a       0x1c ./Drivers/STM32F4xx_HAL_Driver/Src/stm32f4xx_ll_usb.o
                0x0800468a                USB_GetMode
 .text.USB_ActivateSetup
                0x080046a6       0x46 ./Drivers/STM32F4xx_HAL_Driver/Src/stm32f4xx_ll_usb.o
                0x080046a6                USB_ActivateSetup
 .text.USB_EP0_OutStart
                0x080046ec       0xbc ./Drivers/STM32F4xx_HAL_Driver/Src/stm32f4xx_ll_usb.o
                0x080046ec                USB_EP0_OutStart
 .text.USB_CoreReset
                0x080047a8       0x62 ./Drivers/STM32F4xx_HAL_Driver/Src/stm32f4xx_ll_usb.o
 *fill*         0x0800480a        0x2 
 .text.USBD_CDC_Init
                0x0800480c      0x1f0 ./Middlewares/ST/STM32_USB_Device_Library/Class/CDC/Src/usbd_cdc.o
 .text.USBD_CDC_DeInit
                0x080049fc      0x104 ./Middlewares/ST/STM32_USB_Device_Library/Class/CDC/Src/usbd_cdc.o
 .text.USBD_CDC_Setup
                0x08004b00      0x1b8 ./Middlewares/ST/STM32_USB_Device_Library/Class/CDC/Src/usbd_cdc.o
 .text.USBD_CDC_DataIn
                0x08004cb8       0xfe ./Middlewares/ST/STM32_USB_Device_Library/Class/CDC/Src/usbd_cdc.o
 .text.USBD_CDC_DataOut
                0x08004db6       0x70 ./Middlewares/ST/STM32_USB_Device_Library/Class/CDC/Src/usbd_cdc.o
 .text.USBD_CDC_EP0_RxReady
                0x08004e26       0x74 ./Middlewares/ST/STM32_USB_Device_Library/Class/CDC/Src/usbd_cdc.o
 *fill*         0x08004e9a        0x2 
 .text.USBD_CDC_GetFSCfgDesc
                0x08004e9c       0x70 ./Middlewares/ST/STM32_USB_Device_Library/Class/CDC/Src/usbd_cdc.o
 .text.USBD_CDC_GetHSCfgDesc
                0x08004f0c       0x70 ./Middlewares/ST/STM32_USB_Device_Library/Class/CDC/Src/usbd_cdc.o
 .text.USBD_CDC_GetOtherSpeedCfgDesc
                0x08004f7c       0x70 ./Middlewares/ST/STM32_USB_Device_Library/Class/CDC/Src/usbd_cdc.o
 .text.USBD_CDC_GetDeviceQualifierDescriptor
                0x08004fec       0x20 ./Middlewares/ST/STM32_USB_Device_Library/Class/CDC/Src/usbd_cdc.o
                0x08004fec                USBD_CDC_GetDeviceQualifierDescriptor
 .text.USBD_CDC_RegisterInterface
                0x0800500c       0x34 ./Middlewares/ST/STM32_USB_Device_Library/Class/CDC/Src/usbd_cdc.o
                0x0800500c                USBD_CDC_RegisterInterface
 .text.USBD_CDC_SetTxBuffer
                0x08005040       0x44 ./Middlewares/ST/STM32_USB_Device_Library/Class/CDC/Src/usbd_cdc.o
                0x08005040                USBD_CDC_SetTxBuffer
 .text.USBD_CDC_SetRxBuffer
                0x08005084       0x3a ./Middlewares/ST/STM32_USB_Device_Library/Class/CDC/Src/usbd_cdc.o
                0x08005084                USBD_CDC_SetRxBuffer
 *fill*         0x080050be        0x2 
 .text.USBD_CDC_TransmitPacket
                0x080050c0       0x80 ./Middlewares/ST/STM32_USB_Device_Library/Class/CDC/Src/usbd_cdc.o
                0x080050c0                USBD_CDC_TransmitPacket
 .text.USBD_CDC_ReceivePacket
                0x08005140       0x6c ./Middlewares/ST/STM32_USB_Device_Library/Class/CDC/Src/usbd_cdc.o
                0x08005140                USBD_CDC_ReceivePacket
 .text.USBD_Init
                0x080051ac       0x60 ./Middlewares/ST/STM32_USB_Device_Library/Core/Src/usbd_core.o
                0x080051ac                USBD_Init
 .text.USBD_RegisterClass
                0x0800520c       0x6c ./Middlewares/ST/STM32_USB_Device_Library/Core/Src/usbd_core.o
                0x0800520c                USBD_RegisterClass
 .text.USBD_Start
                0x08005278       0x18 ./Middlewares/ST/STM32_USB_Device_Library/Core/Src/usbd_core.o
                0x08005278                USBD_Start
 .text.USBD_RunTestMode
                0x08005290       0x16 ./Middlewares/ST/STM32_USB_Device_Library/Core/Src/usbd_core.o
                0x08005290                USBD_RunTestMode
 .text.USBD_SetClassConfig
                0x080052a6       0x38 ./Middlewares/ST/STM32_USB_Device_Library/Core/Src/usbd_core.o
                0x080052a6                USBD_SetClassConfig
 .text.USBD_ClrClassConfig
                0x080052de       0x34 ./Middlewares/ST/STM32_USB_Device_Library/Core/Src/usbd_core.o
                0x080052de                USBD_ClrClassConfig
 .text.USBD_LL_SetupStage
                0x08005312       0xaa ./Middlewares/ST/STM32_USB_Device_Library/Core/Src/usbd_core.o
                0x08005312                USBD_LL_SetupStage
 .text.USBD_LL_DataOutStage
                0x080053bc      0x166 ./Middlewares/ST/STM32_USB_Device_Library/Core/Src/usbd_core.o
                0x080053bc                USBD_LL_DataOutStage
 .text.USBD_LL_DataInStage
                0x08005522      0x164 ./Middlewares/ST/STM32_USB_Device_Library/Core/Src/usbd_core.o
                0x08005522                USBD_LL_DataInStage
 .text.USBD_LL_Reset
                0x08005686       0xa4 ./Middlewares/ST/STM32_USB_Device_Library/Core/Src/usbd_core.o
                0x08005686                USBD_LL_Reset
 .text.USBD_LL_SetSpeed
                0x0800572a       0x20 ./Middlewares/ST/STM32_USB_Device_Library/Core/Src/usbd_core.o
                0x0800572a                USBD_LL_SetSpeed
 .text.USBD_LL_Suspend
                0x0800574a       0x38 ./Middlewares/ST/STM32_USB_Device_Library/Core/Src/usbd_core.o
                0x0800574a                USBD_LL_Suspend
 .text.USBD_LL_Resume
                0x08005782       0x30 ./Middlewares/ST/STM32_USB_Device_Library/Core/Src/usbd_core.o
                0x08005782                USBD_LL_Resume
 .text.USBD_LL_SOF
                0x080057b2       0x40 ./Middlewares/ST/STM32_USB_Device_Library/Core/Src/usbd_core.o
                0x080057b2                USBD_LL_SOF
 .text.USBD_LL_IsoINIncomplete
                0x080057f2       0x64 ./Middlewares/ST/STM32_USB_Device_Library/Core/Src/usbd_core.o
                0x080057f2                USBD_LL_IsoINIncomplete
 .text.USBD_LL_IsoOUTIncomplete
                0x08005856       0x64 ./Middlewares/ST/STM32_USB_Device_Library/Core/Src/usbd_core.o
                0x08005856                USBD_LL_IsoOUTIncomplete
 .text.USBD_LL_DevConnected
                0x080058ba       0x16 ./Middlewares/ST/STM32_USB_Device_Library/Core/Src/usbd_core.o
                0x080058ba                USBD_LL_DevConnected
 .text.USBD_LL_DevDisconnected
                0x080058d0       0x46 ./Middlewares/ST/STM32_USB_Device_Library/Core/Src/usbd_core.o
                0x080058d0                USBD_LL_DevDisconnected
 .text.USBD_CoreFindIF
                0x08005916       0x1a ./Middlewares/ST/STM32_USB_Device_Library/Core/Src/usbd_core.o
                0x08005916                USBD_CoreFindIF
 .text.USBD_CoreFindEP
                0x08005930       0x1a ./Middlewares/ST/STM32_USB_Device_Library/Core/Src/usbd_core.o
                0x08005930                USBD_CoreFindEP
 .text.USBD_GetEpDesc
                0x0800594a       0x70 ./Middlewares/ST/STM32_USB_Device_Library/Core/Src/usbd_core.o
                0x0800594a                USBD_GetEpDesc
 .text.USBD_GetNextDesc
                0x080059ba       0x38 ./Middlewares/ST/STM32_USB_Device_Library/Core/Src/usbd_core.o
                0x080059ba                USBD_GetNextDesc
 .text.SWAPBYTE
                0x080059f2       0x3c ./Middlewares/ST/STM32_USB_Device_Library/Core/Src/usbd_ctlreq.o
 *fill*         0x08005a2e        0x2 
 .text.USBD_StdDevReq
                0x08005a30       0xe4 ./Middlewares/ST/STM32_USB_Device_Library/Core/Src/usbd_ctlreq.o
                0x08005a30                USBD_StdDevReq
 .text.USBD_StdItfReq
                0x08005b14       0xd8 ./Middlewares/ST/STM32_USB_Device_Library/Core/Src/usbd_ctlreq.o
                0x08005b14                USBD_StdItfReq
 .text.USBD_StdEPReq
                0x08005bec      0x33a ./Middlewares/ST/STM32_USB_Device_Library/Core/Src/usbd_ctlreq.o
                0x08005bec                USBD_StdEPReq
 *fill*         0x08005f26        0x2 
 .text.USBD_GetDescriptor
                0x08005f28      0x328 ./Middlewares/ST/STM32_USB_Device_Library/Core/Src/usbd_ctlreq.o
 .text.USBD_SetAddress
                0x08006250       0x88 ./Middlewares/ST/STM32_USB_Device_Library/Core/Src/usbd_ctlreq.o
 .text.USBD_SetConfig
                0x080062d8      0x154 ./Middlewares/ST/STM32_USB_Device_Library/Core/Src/usbd_ctlreq.o
 .text.USBD_GetConfig
                0x0800642c       0x6c ./Middlewares/ST/STM32_USB_Device_Library/Core/Src/usbd_ctlreq.o
 .text.USBD_GetStatus
                0x08006498       0x68 ./Middlewares/ST/STM32_USB_Device_Library/Core/Src/usbd_ctlreq.o
 .text.USBD_SetFeature
                0x08006500       0x52 ./Middlewares/ST/STM32_USB_Device_Library/Core/Src/usbd_ctlreq.o
 .text.USBD_ClrFeature
                0x08006552       0x44 ./Middlewares/ST/STM32_USB_Device_Library/Core/Src/usbd_ctlreq.o
 .text.USBD_ParseSetupRequest
                0x08006596       0x74 ./Middlewares/ST/STM32_USB_Device_Library/Core/Src/usbd_ctlreq.o
                0x08006596                USBD_ParseSetupRequest
 .text.USBD_CtlError
                0x0800660a       0x22 ./Middlewares/ST/STM32_USB_Device_Library/Core/Src/usbd_ctlreq.o
                0x0800660a                USBD_CtlError
 .text.USBD_GetString
                0x0800662c       0x8c ./Middlewares/ST/STM32_USB_Device_Library/Core/Src/usbd_ctlreq.o
                0x0800662c                USBD_GetString
 .text.USBD_GetLen
                0x080066b8       0x34 ./Middlewares/ST/STM32_USB_Device_Library/Core/Src/usbd_ctlreq.o
 .text.USBD_CtlSendData
                0x080066ec       0x36 ./Middlewares/ST/STM32_USB_Device_Library/Core/Src/usbd_ioreq.o
                0x080066ec                USBD_CtlSendData
 .text.USBD_CtlContinueSendData
                0x08006722       0x22 ./Middlewares/ST/STM32_USB_Device_Library/Core/Src/usbd_ioreq.o
                0x08006722                USBD_CtlContinueSendData
 .text.USBD_CtlPrepareRx
                0x08006744       0x3a ./Middlewares/ST/STM32_USB_Device_Library/Core/Src/usbd_ioreq.o
                0x08006744                USBD_CtlPrepareRx
 .text.USBD_CtlContinueRx
                0x0800677e       0x22 ./Middlewares/ST/STM32_USB_Device_Library/Core/Src/usbd_ioreq.o
                0x0800677e                USBD_CtlContinueRx
 .text.USBD_CtlSendStatus
                0x080067a0       0x26 ./Middlewares/ST/STM32_USB_Device_Library/Core/Src/usbd_ioreq.o
                0x080067a0                USBD_CtlSendStatus
 .text.USBD_CtlReceiveStatus
                0x080067c6       0x26 ./Middlewares/ST/STM32_USB_Device_Library/Core/Src/usbd_ioreq.o
                0x080067c6                USBD_CtlReceiveStatus
 .text.MX_USB_DEVICE_Init
                0x080067ec       0x60 ./USB_DEVICE/App/usb_device.o
                0x080067ec                MX_USB_DEVICE_Init
 .text.CDC_Init_FS
                0x0800684c       0x28 ./USB_DEVICE/App/usbd_cdc_if.o
 .text.CDC_DeInit_FS
                0x08006874       0x10 ./USB_DEVICE/App/usbd_cdc_if.o
 .text.CDC_Control_FS
                0x08006884       0xbc ./USB_DEVICE/App/usbd_cdc_if.o
 .text.CDC_Receive_FS
                0x08006940       0x28 ./USB_DEVICE/App/usbd_cdc_if.o
 .text.CDC_Transmit_FS
                0x08006968       0x4c ./USB_DEVICE/App/usbd_cdc_if.o
                0x08006968                CDC_Transmit_FS
 .text.CDC_TransmitCplt_FS
                0x080069b4       0x22 ./USB_DEVICE/App/usbd_cdc_if.o
 *fill*         0x080069d6        0x2 
 .text.USBD_FS_DeviceDescriptor
                0x080069d8       0x24 ./USB_DEVICE/App/usbd_desc.o
                0x080069d8                USBD_FS_DeviceDescriptor
 .text.USBD_FS_LangIDStrDescriptor
                0x080069fc       0x24 ./USB_DEVICE/App/usbd_desc.o
                0x080069fc                USBD_FS_LangIDStrDescriptor
 .text.USBD_FS_ProductStrDescriptor
                0x08006a20       0x3c ./USB_DEVICE/App/usbd_desc.o
                0x08006a20                USBD_FS_ProductStrDescriptor
 .text.USBD_FS_ManufacturerStrDescriptor
                0x08006a5c       0x28 ./USB_DEVICE/App/usbd_desc.o
                0x08006a5c                USBD_FS_ManufacturerStrDescriptor
 .text.USBD_FS_SerialStrDescriptor
                0x08006a84       0x24 ./USB_DEVICE/App/usbd_desc.o
                0x08006a84                USBD_FS_SerialStrDescriptor
 .text.USBD_FS_ConfigStrDescriptor
                0x08006aa8       0x3c ./USB_DEVICE/App/usbd_desc.o
                0x08006aa8                USBD_FS_ConfigStrDescriptor
 .text.USBD_FS_InterfaceStrDescriptor
                0x08006ae4       0x3c ./USB_DEVICE/App/usbd_desc.o
                0x08006ae4                USBD_FS_InterfaceStrDescriptor
 .text.USBD_FS_USR_BOSDescriptor
                0x08006b20       0x24 ./USB_DEVICE/App/usbd_desc.o
                0x08006b20                USBD_FS_USR_BOSDescriptor
 .text.Get_SerialNum
                0x08006b44       0x58 ./USB_DEVICE/App/usbd_desc.o
 .text.IntToUnicode
                0x08006b9c       0x7e ./USB_DEVICE/App/usbd_desc.o
 *fill*         0x08006c1a        0x2 
 .text.HAL_PCD_MspInit
                0x08006c1c       0xd4 ./USB_DEVICE/Target/usbd_conf.o
                0x08006c1c                HAL_PCD_MspInit
 .text.HAL_PCD_SetupStageCallback
                0x08006cf0       0x24 ./USB_DEVICE/Target/usbd_conf.o
                0x08006cf0                HAL_PCD_SetupStageCallback
 .text.HAL_PCD_DataOutStageCallback
                0x08006d14       0x36 ./USB_DEVICE/Target/usbd_conf.o
                0x08006d14                HAL_PCD_DataOutStageCallback
 .text.HAL_PCD_DataInStageCallback
                0x08006d4a       0x34 ./USB_DEVICE/Target/usbd_conf.o
                0x08006d4a                HAL_PCD_DataInStageCallback
 .text.HAL_PCD_SOFCallback
                0x08006d7e       0x1c ./USB_DEVICE/Target/usbd_conf.o
                0x08006d7e                HAL_PCD_SOFCallback
 .text.HAL_PCD_ResetCallback
                0x08006d9a       0x3c ./USB_DEVICE/Target/usbd_conf.o
                0x08006d9a                HAL_PCD_ResetCallback
 *fill*         0x08006dd6        0x2 
 .text.HAL_PCD_SuspendCallback
                0x08006dd8       0x4c ./USB_DEVICE/Target/usbd_conf.o
                0x08006dd8                HAL_PCD_SuspendCallback
 .text.HAL_PCD_ResumeCallback
                0x08006e24       0x1c ./USB_DEVICE/Target/usbd_conf.o
                0x08006e24                HAL_PCD_ResumeCallback
 .text.HAL_PCD_ISOOUTIncompleteCallback
                0x08006e40       0x24 ./USB_DEVICE/Target/usbd_conf.o
                0x08006e40                HAL_PCD_ISOOUTIncompleteCallback
 .text.HAL_PCD_ISOINIncompleteCallback
                0x08006e64       0x24 ./USB_DEVICE/Target/usbd_conf.o
                0x08006e64                HAL_PCD_ISOINIncompleteCallback
 .text.HAL_PCD_ConnectCallback
                0x08006e88       0x1c ./USB_DEVICE/Target/usbd_conf.o
                0x08006e88                HAL_PCD_ConnectCallback
 .text.HAL_PCD_DisconnectCallback
                0x08006ea4       0x1c ./USB_DEVICE/Target/usbd_conf.o
                0x08006ea4                HAL_PCD_DisconnectCallback
 .text.USBD_LL_Init
                0x08006ec0       0xa0 ./USB_DEVICE/Target/usbd_conf.o
                0x08006ec0                USBD_LL_Init
 .text.USBD_LL_Start
                0x08006f60       0x36 ./USB_DEVICE/Target/usbd_conf.o
                0x08006f60                USBD_LL_Start
 .text.USBD_LL_OpenEP
                0x08006f96       0x4c ./USB_DEVICE/Target/usbd_conf.o
                0x08006f96                USBD_LL_OpenEP
 .text.USBD_LL_CloseEP
                0x08006fe2       0x3e ./USB_DEVICE/Target/usbd_conf.o
                0x08006fe2                USBD_LL_CloseEP
 .text.USBD_LL_StallEP
                0x08007020       0x3e ./USB_DEVICE/Target/usbd_conf.o
                0x08007020                USBD_LL_StallEP
 .text.USBD_LL_ClearStallEP
                0x0800705e       0x3e ./USB_DEVICE/Target/usbd_conf.o
                0x0800705e                USBD_LL_ClearStallEP
 .text.USBD_LL_IsStallEP
                0x0800709c       0x58 ./USB_DEVICE/Target/usbd_conf.o
                0x0800709c                USBD_LL_IsStallEP
 .text.USBD_LL_SetUSBAddress
                0x080070f4       0x3e ./USB_DEVICE/Target/usbd_conf.o
                0x080070f4                USBD_LL_SetUSBAddress
 .text.USBD_LL_Transmit
                0x08007132       0x42 ./USB_DEVICE/Target/usbd_conf.o
                0x08007132                USBD_LL_Transmit
 .text.USBD_LL_PrepareReceive
                0x08007174       0x42 ./USB_DEVICE/Target/usbd_conf.o
                0x08007174                USBD_LL_PrepareReceive
 .text.USBD_LL_GetRxDataSize
                0x080071b6       0x26 ./USB_DEVICE/Target/usbd_conf.o
                0x080071b6                USBD_LL_GetRxDataSize
 .text.HAL_PCDEx_LPM_Callback
                0x080071dc       0x9c ./USB_DEVICE/Target/usbd_conf.o
                0x080071dc                HAL_PCDEx_LPM_Callback
 .text.USBD_static_malloc
                0x08007278       0x1c ./USB_DEVICE/Target/usbd_conf.o
                0x08007278                USBD_static_malloc
 .text.USBD_static_free
                0x08007294       0x14 ./USB_DEVICE/Target/usbd_conf.o
                0x08007294                USBD_static_free
 .text.USBD_Get_USB_Status
                0x080072a8       0x58 ./USB_DEVICE/Target/usbd_conf.o
                0x080072a8                USBD_Get_USB_Status
 .text.snprintf
                0x08007300       0x68 C:/ST/STM32CubeIDE_1.16.0/STM32CubeIDE/plugins/com.st.stm32cube.ide.mcu.externaltools.gnu-tools-for-stm32.12.3.rel1.win32_1.0.200.202406191623/tools/bin/../lib/gcc/arm-none-eabi/12.3.1/../../../../arm-none-eabi/lib/thumb/v7e-m+fp/hard\libc_nano.a(libc_a-snprintf.o)
                0x08007300                sniprintf
                0x08007300                snprintf
 .text.memset   0x08007368       0x10 C:/ST/STM32CubeIDE_1.16.0/STM32CubeIDE/plugins/com.st.stm32cube.ide.mcu.externaltools.gnu-tools-for-stm32.12.3.rel1.win32_1.0.200.202406191623/tools/bin/../lib/gcc/arm-none-eabi/12.3.1/../../../../arm-none-eabi/lib/thumb/v7e-m+fp/hard\libc_nano.a(libc_a-memset.o)
                0x08007368                memset
 .text.__errno  0x08007378        0xc C:/ST/STM32CubeIDE_1.16.0/STM32CubeIDE/plugins/com.st.stm32cube.ide.mcu.externaltools.gnu-tools-for-stm32.12.3.rel1.win32_1.0.200.202406191623/tools/bin/../lib/gcc/arm-none-eabi/12.3.1/../../../../arm-none-eabi/lib/thumb/v7e-m+fp/hard\libc_nano.a(libc_a-errno.o)
                0x08007378                __errno
 .text.__libc_init_array
                0x08007384       0x48 C:/ST/STM32CubeIDE_1.16.0/STM32CubeIDE/plugins/com.st.stm32cube.ide.mcu.externaltools.gnu-tools-for-stm32.12.3.rel1.win32_1.0.200.202406191623/tools/bin/../lib/gcc/arm-none-eabi/12.3.1/../../../../arm-none-eabi/lib/thumb/v7e-m+fp/hard\libc_nano.a(libc_a-init.o)
                0x08007384                __libc_init_array
 .text.__retarget_lock_acquire_recursive
                0x080073cc        0x2 C:/ST/STM32CubeIDE_1.16.0/STM32CubeIDE/plugins/com.st.stm32cube.ide.mcu.externaltools.gnu-tools-for-stm32.12.3.rel1.win32_1.0.200.202406191623/tools/bin/../lib/gcc/arm-none-eabi/12.3.1/../../../../arm-none-eabi/lib/thumb/v7e-m+fp/hard\libc_nano.a(libc_a-lock.o)
                0x080073cc                __retarget_lock_acquire_recursive
 .text.__retarget_lock_release_recursive
                0x080073ce        0x2 C:/ST/STM32CubeIDE_1.16.0/STM32CubeIDE/plugins/com.st.stm32cube.ide.mcu.externaltools.gnu-tools-for-stm32.12.3.rel1.win32_1.0.200.202406191623/tools/bin/../lib/gcc/arm-none-eabi/12.3.1/../../../../arm-none-eabi/lib/thumb/v7e-m+fp/hard\libc_nano.a(libc_a-lock.o)
                0x080073ce                __retarget_lock_release_recursive
 .text._free_r  0x080073d0       0x94 C:/ST/STM32CubeIDE_1.16.0/STM32CubeIDE/plugins/com.st.stm32cube.ide.mcu.externaltools.gnu-tools-for-stm32.12.3.rel1.win32_1.0.200.202406191623/tools/bin/../lib/gcc/arm-none-eabi/12.3.1/../../../../arm-none-eabi/lib/thumb/v7e-m+fp/hard\libc_nano.a(libc_a-freer.o)
                0x080073d0                _free_r
 .text.sbrk_aligned
                0x08007464       0x44 C:/ST/STM32CubeIDE_1.16.0/STM32CubeIDE/plugins/com.st.stm32cube.ide.mcu.externaltools.gnu-tools-for-stm32.12.3.rel1.win32_1.0.200.202406191623/tools/bin/../lib/gcc/arm-none-eabi/12.3.1/../../../../arm-none-eabi/lib/thumb/v7e-m+fp/hard\libc_nano.a(libc_a-mallocr.o)
 .text._malloc_r
                0x080074a8      0x100 C:/ST/STM32CubeIDE_1.16.0/STM32CubeIDE/plugins/com.st.stm32cube.ide.mcu.externaltools.gnu-tools-for-stm32.12.3.rel1.win32_1.0.200.202406191623/tools/bin/../lib/gcc/arm-none-eabi/12.3.1/../../../../arm-none-eabi/lib/thumb/v7e-m+fp/hard\libc_nano.a(libc_a-mallocr.o)
                0x080074a8                _malloc_r
 .text.__malloc_lock
                0x080075a8        0xc C:/ST/STM32CubeIDE_1.16.0/STM32CubeIDE/plugins/com.st.stm32cube.ide.mcu.externaltools.gnu-tools-for-stm32.12.3.rel1.win32_1.0.200.202406191623/tools/bin/../lib/gcc/arm-none-eabi/12.3.1/../../../../arm-none-eabi/lib/thumb/v7e-m+fp/hard\libc_nano.a(libc_a-mlock.o)
                0x080075a8                __malloc_lock
 .text.__malloc_unlock
                0x080075b4        0xc C:/ST/STM32CubeIDE_1.16.0/STM32CubeIDE/plugins/com.st.stm32cube.ide.mcu.externaltools.gnu-tools-for-stm32.12.3.rel1.win32_1.0.200.202406191623/tools/bin/../lib/gcc/arm-none-eabi/12.3.1/../../../../arm-none-eabi/lib/thumb/v7e-m+fp/hard\libc_nano.a(libc_a-mlock.o)
                0x080075b4                __malloc_unlock
 .text.__ssputs_r
                0x080075c0       0xb6 C:/ST/STM32CubeIDE_1.16.0/STM32CubeIDE/plugins/com.st.stm32cube.ide.mcu.externaltools.gnu-tools-for-stm32.12.3.rel1.win32_1.0.200.202406191623/tools/bin/../lib/gcc/arm-none-eabi/12.3.1/../../../../arm-none-eabi/lib/thumb/v7e-m+fp/hard\libc_nano.a(libc_a-nano-svfprintf.o)
                0x080075c0                __ssputs_r
 *fill*         0x08007676        0x2 
 .text._svfprintf_r
                0x08007678      0x1f8 C:/ST/STM32CubeIDE_1.16.0/STM32CubeIDE/plugins/com.st.stm32cube.ide.mcu.externaltools.gnu-tools-for-stm32.12.3.rel1.win32_1.0.200.202406191623/tools/bin/../lib/gcc/arm-none-eabi/12.3.1/../../../../arm-none-eabi/lib/thumb/v7e-m+fp/hard\libc_nano.a(libc_a-nano-svfprintf.o)
                0x08007678                _svfiprintf_r
                0x08007678                _svfprintf_r
 .text._printf_common
                0x08007870       0xda C:/ST/STM32CubeIDE_1.16.0/STM32CubeIDE/plugins/com.st.stm32cube.ide.mcu.externaltools.gnu-tools-for-stm32.12.3.rel1.win32_1.0.200.202406191623/tools/bin/../lib/gcc/arm-none-eabi/12.3.1/../../../../arm-none-eabi/lib/thumb/v7e-m+fp/hard\libc_nano.a(libc_a-nano-vfprintf_i.o)
                0x08007870                _printf_common
 *fill*         0x0800794a        0x2 
 .text._printf_i
                0x0800794c      0x240 C:/ST/STM32CubeIDE_1.16.0/STM32CubeIDE/plugins/com.st.stm32cube.ide.mcu.externaltools.gnu-tools-for-stm32.12.3.rel1.win32_1.0.200.202406191623/tools/bin/../lib/gcc/arm-none-eabi/12.3.1/../../../../arm-none-eabi/lib/thumb/v7e-m+fp/hard\libc_nano.a(libc_a-nano-vfprintf_i.o)
                0x0800794c                _printf_i
 .text.memmove  0x08007b8c       0x34 C:/ST/STM32CubeIDE_1.16.0/STM32CubeIDE/plugins/com.st.stm32cube.ide.mcu.externaltools.gnu-tools-for-stm32.12.3.rel1.win32_1.0.200.202406191623/tools/bin/../lib/gcc/arm-none-eabi/12.3.1/../../../../arm-none-eabi/lib/thumb/v7e-m+fp/hard\libc_nano.a(libc_a-memmove.o)
                0x08007b8c                memmove
 .text._sbrk_r  0x08007bc0       0x20 C:/ST/STM32CubeIDE_1.16.0/STM32CubeIDE/plugins/com.st.stm32cube.ide.mcu.externaltools.gnu-tools-for-stm32.12.3.rel1.win32_1.0.200.202406191623/tools/bin/../lib/gcc/arm-none-eabi/12.3.1/../../../../arm-none-eabi/lib/thumb/v7e-m+fp/hard\libc_nano.a(libc_a-sbrkr.o)
                0x08007bc0                _sbrk_r
 .text.memcpy   0x08007be0       0x1c C:/ST/STM32CubeIDE_1.16.0/STM32CubeIDE/plugins/com.st.stm32cube.ide.mcu.externaltools.gnu-tools-for-stm32.12.3.rel1.win32_1.0.200.202406191623/tools/bin/../lib/gcc/arm-none-eabi/12.3.1/../../../../arm-none-eabi/lib/thumb/v7e-m+fp/hard\libc_nano.a(libc_a-memcpy-stub.o)
                0x08007be0                memcpy
 .text._realloc_r
                0x08007bfc       0x5c C:/ST/STM32CubeIDE_1.16.0/STM32CubeIDE/plugins/com.st.stm32cube.ide.mcu.externaltools.gnu-tools-for-stm32.12.3.rel1.win32_1.0.200.202406191623/tools/bin/../lib/gcc/arm-none-eabi/12.3.1/../../../../arm-none-eabi/lib/thumb/v7e-m+fp/hard\libc_nano.a(libc_a-reallocr.o)
                0x08007bfc                _realloc_r
 .text._malloc_usable_size_r
                0x08007c58       0x10 C:/ST/STM32CubeIDE_1.16.0/STM32CubeIDE/plugins/com.st.stm32cube.ide.mcu.externaltools.gnu-tools-for-stm32.12.3.rel1.win32_1.0.200.202406191623/tools/bin/../lib/gcc/arm-none-eabi/12.3.1/../../../../arm-none-eabi/lib/thumb/v7e-m+fp/hard\libc_nano.a(libc_a-msizer.o)
                0x08007c58                _malloc_usable_size_r
 *(.glue_7)
 .glue_7        0x08007c68        0x0 linker stubs
 *(.glue_7t)
 .glue_7t       0x08007c68        0x0 linker stubs
 *(.eh_frame)
 .eh_frame      0x08007c68        0x0 C:/ST/STM32CubeIDE_1.16.0/STM32CubeIDE/plugins/com.st.stm32cube.ide.mcu.externaltools.gnu-tools-for-stm32.12.3.rel1.win32_1.0.200.202406191623/tools/bin/../lib/gcc/arm-none-eabi/12.3.1/thumb/v7e-m+fp/hard/crtbegin.o
 *(.init)
 .init          0x08007c68        0x4 C:/ST/STM32CubeIDE_1.16.0/STM32CubeIDE/plugins/com.st.stm32cube.ide.mcu.externaltools.gnu-tools-for-stm32.12.3.rel1.win32_1.0.200.202406191623/tools/bin/../lib/gcc/arm-none-eabi/12.3.1/thumb/v7e-m+fp/hard/crti.o
                0x08007c68                _init
 .init          0x08007c6c        0x8 C:/ST/STM32CubeIDE_1.16.0/STM32CubeIDE/plugins/com.st.stm32cube.ide.mcu.externaltools.gnu-tools-for-stm32.12.3.rel1.win32_1.0.200.202406191623/tools/bin/../lib/gcc/arm-none-eabi/12.3.1/thumb/v7e-m+fp/hard/crtn.o
 *(.fini)
 .fini          0x08007c74        0x4 C:/ST/STM32CubeIDE_1.16.0/STM32CubeIDE/plugins/com.st.stm32cube.ide.mcu.externaltools.gnu-tools-for-stm32.12.3.rel1.win32_1.0.200.202406191623/tools/bin/../lib/gcc/arm-none-eabi/12.3.1/thumb/v7e-m+fp/hard/crti.o
                0x08007c74                _fini
 .fini          0x08007c78        0x8 C:/ST/STM32CubeIDE_1.16.0/STM32CubeIDE/plugins/com.st.stm32cube.ide.mcu.externaltools.gnu-tools-for-stm32.12.3.rel1.win32_1.0.200.202406191623/tools/bin/../lib/gcc/arm-none-eabi/12.3.1/thumb/v7e-m+fp/hard/crtn.o
                0x08007c80                        . = ALIGN (0x4)
                0x08007c80                        _etext = .

.vfp11_veneer   0x08007c80        0x0
 .vfp11_veneer  0x08007c80        0x0 linker stubs

.v4_bx          0x08007c80        0x0
 .v4_bx         0x08007c80        0x0 linker stubs

.iplt           0x08007c80        0x0
 .iplt          0x08007c80        0x0 C:/ST/STM32CubeIDE_1.16.0/STM32CubeIDE/plugins/com.st.stm32cube.ide.mcu.externaltools.gnu-tools-for-stm32.12.3.rel1.win32_1.0.200.202406191623/tools/bin/../lib/gcc/arm-none-eabi/12.3.1/thumb/v7e-m+fp/hard/crtbegin.o

.rodata         0x08007c80       0x9c
                0x08007c80                        . = ALIGN (0x4)
 *(.rodata)
 .rodata        0x08007c80        0xe ./Core/Src/main.o
 *fill*         0x08007c8e        0x2 
 .rodata        0x08007c90       0x46 ./USB_DEVICE/App/usbd_desc.o
 *(.rodata*)
 *fill*         0x08007cd6        0x2 
 .rodata.AHBPrescTable
                0x08007cd8       0x10 ./Core/Src/system_stm32f4xx.o
                0x08007cd8                AHBPrescTable
 .rodata._svfprintf_r.str1.1
                0x08007ce8       0x11 C:/ST/STM32CubeIDE_1.16.0/STM32CubeIDE/plugins/com.st.stm32cube.ide.mcu.externaltools.gnu-tools-for-stm32.12.3.rel1.win32_1.0.200.202406191623/tools/bin/../lib/gcc/arm-none-eabi/12.3.1/../../../../arm-none-eabi/lib/thumb/v7e-m+fp/hard\libc_nano.a(libc_a-nano-svfprintf.o)
 .rodata._printf_i.str1.1
                0x08007cf9       0x22 C:/ST/STM32CubeIDE_1.16.0/STM32CubeIDE/plugins/com.st.stm32cube.ide.mcu.externaltools.gnu-tools-for-stm32.12.3.rel1.win32_1.0.200.202406191623/tools/bin/../lib/gcc/arm-none-eabi/12.3.1/../../../../arm-none-eabi/lib/thumb/v7e-m+fp/hard\libc_nano.a(libc_a-nano-vfprintf_i.o)
                0x08007d1c                        . = ALIGN (0x4)
 *fill*         0x08007d1b        0x1 

.ARM.extab      0x08007d1c        0x0
                0x08007d1c                        . = ALIGN (0x4)
 *(.ARM.extab* .gnu.linkonce.armextab.*)
                0x08007d1c                        . = ALIGN (0x4)

.ARM            0x08007d1c        0x8
                0x08007d1c                        . = ALIGN (0x4)
                0x08007d1c                        __exidx_start = .
 *(.ARM.exidx*)
 .ARM.exidx     0x08007d1c        0x8 C:/ST/STM32CubeIDE_1.16.0/STM32CubeIDE/plugins/com.st.stm32cube.ide.mcu.externaltools.gnu-tools-for-stm32.12.3.rel1.win32_1.0.200.202406191623/tools/bin/../lib/gcc/arm-none-eabi/12.3.1/../../../../arm-none-eabi/lib/thumb/v7e-m+fp/hard\libc_nano.a(libc_a-memchr.o)
 .ARM.exidx     0x08007d24        0x0 C:/ST/STM32CubeIDE_1.16.0/STM32CubeIDE/plugins/com.st.stm32cube.ide.mcu.externaltools.gnu-tools-for-stm32.12.3.rel1.win32_1.0.200.202406191623/tools/bin/../lib/gcc/arm-none-eabi/12.3.1/thumb/v7e-m+fp/hard\libgcc.a(_udivmoddi4.o)
                                  0x8 (size before relaxing)
                0x08007d24                        __exidx_end = .
                0x08007d24                        . = ALIGN (0x4)

.preinit_array  0x08007d24        0x0
                0x08007d24                        . = ALIGN (0x4)
                0x08007d24                        PROVIDE (__preinit_array_start = .)
 *(.preinit_array*)
                0x08007d24                        PROVIDE (__preinit_array_end = .)
                0x08007d24                        . = ALIGN (0x4)

.init_array     0x08007d24        0x4
                0x08007d24                        . = ALIGN (0x4)
                0x08007d24                        PROVIDE (__init_array_start = .)
 *(SORT_BY_NAME(.init_array.*))
 *(.init_array*)
 .init_array    0x08007d24        0x4 C:/ST/STM32CubeIDE_1.16.0/STM32CubeIDE/plugins/com.st.stm32cube.ide.mcu.externaltools.gnu-tools-for-stm32.12.3.rel1.win32_1.0.200.202406191623/tools/bin/../lib/gcc/arm-none-eabi/12.3.1/thumb/v7e-m+fp/hard/crtbegin.o
                0x08007d28                        PROVIDE (__init_array_end = .)
                0x08007d28                        . = ALIGN (0x4)

.fini_array     0x08007d28        0x4
                0x08007d28                        . = ALIGN (0x4)
                [!provide]                        PROVIDE (__fini_array_start = .)
 *(SORT_BY_NAME(.fini_array.*))
 *(.fini_array*)
 .fini_array    0x08007d28        0x4 C:/ST/STM32CubeIDE_1.16.0/STM32CubeIDE/plugins/com.st.stm32cube.ide.mcu.externaltools.gnu-tools-for-stm32.12.3.rel1.win32_1.0.200.202406191623/tools/bin/../lib/gcc/arm-none-eabi/12.3.1/thumb/v7e-m+fp/hard/crtbegin.o
                [!provide]                        PROVIDE (__fini_array_end = .)
                0x08007d2c                        . = ALIGN (0x4)
                0x08007d2c                        _sidata = LOADADDR (.data)

.rel.dyn        0x08007d2c        0x0
 .rel.iplt      0x08007d2c        0x0 C:/ST/STM32CubeIDE_1.16.0/STM32CubeIDE/plugins/com.st.stm32cube.ide.mcu.externaltools.gnu-tools-for-stm32.12.3.rel1.win32_1.0.200.202406191623/tools/bin/../lib/gcc/arm-none-eabi/12.3.1/thumb/v7e-m+fp/hard/crtbegin.o

.data           0x20000000      0x15c load address 0x08007d2c
                0x20000000                        . = ALIGN (0x4)
                0x20000000                        _sdata = .
 *(.data)
 *(.data*)
 .data.SystemCoreClock
                0x20000000        0x4 ./Core/Src/system_stm32f4xx.o
                0x20000000                SystemCoreClock
 .data.uwTickPrio
                0x20000004        0x4 ./Drivers/STM32F4xx_HAL_Driver/Src/stm32f4xx_hal.o
                0x20000004                uwTickPrio
 .data.uwTickFreq
                0x20000008        0x1 ./Drivers/STM32F4xx_HAL_Driver/Src/stm32f4xx_hal.o
                0x20000008                uwTickFreq
 *fill*         0x20000009        0x3 
 .data.USBD_CDC_DeviceQualifierDesc
                0x2000000c        0xa ./Middlewares/ST/STM32_USB_Device_Library/Class/CDC/Src/usbd_cdc.o
 *fill*         0x20000016        0x2 
 .data.USBD_CDC
                0x20000018       0x38 ./Middlewares/ST/STM32_USB_Device_Library/Class/CDC/Src/usbd_cdc.o
                0x20000018                USBD_CDC
 .data.USBD_CDC_CfgDesc
                0x20000050       0x43 ./Middlewares/ST/STM32_USB_Device_Library/Class/CDC/Src/usbd_cdc.o
 .data.CDCInEpAdd
                0x20000093        0x1 ./Middlewares/ST/STM32_USB_Device_Library/Class/CDC/Src/usbd_cdc.o
 .data.CDCOutEpAdd
                0x20000094        0x1 ./Middlewares/ST/STM32_USB_Device_Library/Class/CDC/Src/usbd_cdc.o
 .data.CDCCmdEpAdd
                0x20000095        0x1 ./Middlewares/ST/STM32_USB_Device_Library/Class/CDC/Src/usbd_cdc.o
 *fill*         0x20000096        0x2 
 .data.USBD_Interface_fops_FS
                0x20000098       0x14 ./USB_DEVICE/App/usbd_cdc_if.o
                0x20000098                USBD_Interface_fops_FS
 .data.FS_Desc  0x200000ac       0x20 ./USB_DEVICE/App/usbd_desc.o
                0x200000ac                FS_Desc
 .data.USBD_FS_DeviceDesc
                0x200000cc       0x12 ./USB_DEVICE/App/usbd_desc.o
                0x200000cc                USBD_FS_DeviceDesc
 *fill*         0x200000de        0x2 
 .data.USBD_FS_BOSDesc
                0x200000e0        0xc ./USB_DEVICE/App/usbd_desc.o
                0x200000e0                USBD_FS_BOSDesc
 .data.USBD_LangIDDesc
                0x200000ec        0x4 ./USB_DEVICE/App/usbd_desc.o
                0x200000ec                USBD_LangIDDesc
 .data.USBD_StringSerial
                0x200000f0       0x1a ./USB_DEVICE/App/usbd_desc.o
                0x200000f0                USBD_StringSerial
 *fill*         0x2000010a        0x2 
 .data._impure_ptr
                0x2000010c        0x4 C:/ST/STM32CubeIDE_1.16.0/STM32CubeIDE/plugins/com.st.stm32cube.ide.mcu.externaltools.gnu-tools-for-stm32.12.3.rel1.win32_1.0.200.202406191623/tools/bin/../lib/gcc/arm-none-eabi/12.3.1/../../../../arm-none-eabi/lib/thumb/v7e-m+fp/hard\libc_nano.a(libc_a-impure.o)
                0x2000010c                _impure_ptr
 .data._impure_data
                0x20000110       0x4c C:/ST/STM32CubeIDE_1.16.0/STM32CubeIDE/plugins/com.st.stm32cube.ide.mcu.externaltools.gnu-tools-for-stm32.12.3.rel1.win32_1.0.200.202406191623/tools/bin/../lib/gcc/arm-none-eabi/12.3.1/../../../../arm-none-eabi/lib/thumb/v7e-m+fp/hard\libc_nano.a(libc_a-impure.o)
                0x20000110                _impure_data
 *(.RamFunc)
 *(.RamFunc*)
                0x2000015c                        . = ALIGN (0x4)
                0x2000015c                        _edata = .

.igot.plt       0x2000015c        0x0 load address 0x08007e88
 .igot.plt      0x2000015c        0x0 C:/ST/STM32CubeIDE_1.16.0/STM32CubeIDE/plugins/com.st.stm32cube.ide.mcu.externaltools.gnu-tools-for-stm32.12.3.rel1.win32_1.0.200.202406191623/tools/bin/../lib/gcc/arm-none-eabi/12.3.1/thumb/v7e-m+fp/hard/crtbegin.o
                0x2000015c                        . = ALIGN (0x4)

.bss            0x2000015c     0x1d50 load address 0x08007e88
                0x2000015c                        _sbss = .
                0x2000015c                        __bss_start__ = _sbss
 *(.bss)
 .bss           0x2000015c       0x1c C:/ST/STM32CubeIDE_1.16.0/STM32CubeIDE/plugins/com.st.stm32cube.ide.mcu.externaltools.gnu-tools-for-stm32.12.3.rel1.win32_1.0.200.202406191623/tools/bin/../lib/gcc/arm-none-eabi/12.3.1/thumb/v7e-m+fp/hard/crtbegin.o
 *(.bss*)
 .bss.__sbrk_heap_end
                0x20000178        0x4 ./Core/Src/sysmem.o
 .bss.uwTick    0x2000017c        0x4 ./Drivers/STM32F4xx_HAL_Driver/Src/stm32f4xx_hal.o
                0x2000017c                uwTick
 .bss.cfgidx.0  0x20000180        0x1 ./Middlewares/ST/STM32_USB_Device_Library/Core/Src/usbd_ctlreq.o
 *fill*         0x20000181        0x3 
 .bss.hUsbDeviceFS
                0x20000184      0x2dc ./USB_DEVICE/App/usb_device.o
                0x20000184                hUsbDeviceFS
 .bss.UserRxBufferFS
                0x20000460      0x800 ./USB_DEVICE/App/usbd_cdc_if.o
                0x20000460                UserRxBufferFS
 .bss.UserTxBufferFS
                0x20000c60      0x800 ./USB_DEVICE/App/usbd_cdc_if.o
                0x20000c60                UserTxBufferFS
 .bss.USBD_StrDesc
                0x20001460      0x200 ./USB_DEVICE/App/usbd_desc.o
                0x20001460                USBD_StrDesc
 .bss.hpcd_USB_OTG_FS
                0x20001660      0x4e4 ./USB_DEVICE/Target/usbd_conf.o
                0x20001660                hpcd_USB_OTG_FS
 .bss.mem.0     0x20001b44      0x220 ./USB_DEVICE/Target/usbd_conf.o
 .bss.__sf      0x20001d64      0x138 C:/ST/STM32CubeIDE_1.16.0/STM32CubeIDE/plugins/com.st.stm32cube.ide.mcu.externaltools.gnu-tools-for-stm32.12.3.rel1.win32_1.0.200.202406191623/tools/bin/../lib/gcc/arm-none-eabi/12.3.1/../../../../arm-none-eabi/lib/thumb/v7e-m+fp/hard\libc_nano.a(libc_a-findfp.o)
                0x20001d64                __sf
 .bss.errno     0x20001e9c        0x4 C:/ST/STM32CubeIDE_1.16.0/STM32CubeIDE/plugins/com.st.stm32cube.ide.mcu.externaltools.gnu-tools-for-stm32.12.3.rel1.win32_1.0.200.202406191623/tools/bin/../lib/gcc/arm-none-eabi/12.3.1/../../../../arm-none-eabi/lib/thumb/v7e-m+fp/hard\libc_nano.a(libc_a-reent.o)
                0x20001e9c                errno
 .bss.__lock___malloc_recursive_mutex
                0x20001ea0        0x1 C:/ST/STM32CubeIDE_1.16.0/STM32CubeIDE/plugins/com.st.stm32cube.ide.mcu.externaltools.gnu-tools-for-stm32.12.3.rel1.win32_1.0.200.202406191623/tools/bin/../lib/gcc/arm-none-eabi/12.3.1/../../../../arm-none-eabi/lib/thumb/v7e-m+fp/hard\libc_nano.a(libc_a-lock.o)
                0x20001ea0                __lock___malloc_recursive_mutex
 *fill*         0x20001ea1        0x3 
 .bss.__malloc_sbrk_start
                0x20001ea4        0x4 C:/ST/STM32CubeIDE_1.16.0/STM32CubeIDE/plugins/com.st.stm32cube.ide.mcu.externaltools.gnu-tools-for-stm32.12.3.rel1.win32_1.0.200.202406191623/tools/bin/../lib/gcc/arm-none-eabi/12.3.1/../../../../arm-none-eabi/lib/thumb/v7e-m+fp/hard\libc_nano.a(libc_a-mallocr.o)
                0x20001ea4                __malloc_sbrk_start
 .bss.__malloc_free_list
                0x20001ea8        0x4 C:/ST/STM32CubeIDE_1.16.0/STM32CubeIDE/plugins/com.st.stm32cube.ide.mcu.externaltools.gnu-tools-for-stm32.12.3.rel1.win32_1.0.200.202406191623/tools/bin/../lib/gcc/arm-none-eabi/12.3.1/../../../../arm-none-eabi/lib/thumb/v7e-m+fp/hard\libc_nano.a(libc_a-mallocr.o)
                0x20001ea8                __malloc_free_list
 *(COMMON)
                0x20001eac                        . = ALIGN (0x4)
                0x20001eac                        _ebss = .
                0x20001eac                        __bss_end__ = _ebss

._user_heap_stack
                0x20001eac      0x604 load address 0x08007e88
                0x20001eb0                        . = ALIGN (0x8)
 *fill*         0x20001eac        0x4 
                [!provide]                        PROVIDE (end = .)
                0x20001eb0                        PROVIDE (_end = .)
                0x200020b0                        . = (. + _Min_Heap_Size)
 *fill*         0x20001eb0      0x200 
                0x200024b0                        . = (. + _Min_Stack_Size)
 *fill*         0x200020b0      0x400 
                0x200024b0                        . = ALIGN (0x8)

/DISCARD/
 libc.a(*)
 libm.a(*)
 libgcc.a(*)

.ARM.attributes
                0x00000000       0x30
 *(.ARM.attributes)
 .ARM.attributes
                0x00000000       0x22 C:/ST/STM32CubeIDE_1.16.0/STM32CubeIDE/plugins/com.st.stm32cube.ide.mcu.externaltools.gnu-tools-for-stm32.12.3.rel1.win32_1.0.200.202406191623/tools/bin/../lib/gcc/arm-none-eabi/12.3.1/thumb/v7e-m+fp/hard/crti.o
 .ARM.attributes
                0x00000022       0x34 C:/ST/STM32CubeIDE_1.16.0/STM32CubeIDE/plugins/com.st.stm32cube.ide.mcu.externaltools.gnu-tools-for-stm32.12.3.rel1.win32_1.0.200.202406191623/tools/bin/../lib/gcc/arm-none-eabi/12.3.1/thumb/v7e-m+fp/hard/crtbegin.o
 .ARM.attributes
                0x00000056       0x34 ./Core/Src/main.o
 .ARM.attributes
                0x0000008a       0x34 ./Core/Src/stm32f4xx_hal_msp.o
 .ARM.attributes
                0x000000be       0x34 ./Core/Src/stm32f4xx_it.o
 .ARM.attributes
                0x000000f2       0x34 ./Core/Src/sysmem.o
 .ARM.attributes
                0x00000126       0x34 ./Core/Src/system_stm32f4xx.o
 .ARM.attributes
                0x0000015a       0x21 ./Core/Startup/startup_stm32f412cgux.o
 .ARM.attributes
                0x0000017b       0x34 ./Drivers/STM32F4xx_HAL_Driver/Src/stm32f4xx_hal.o
 .ARM.attributes
                0x000001af       0x34 ./Drivers/STM32F4xx_HAL_Driver/Src/stm32f4xx_hal_cortex.o
 .ARM.attributes
                0x000001e3       0x34 ./Drivers/STM32F4xx_HAL_Driver/Src/stm32f4xx_hal_gpio.o
 .ARM.attributes
                0x00000217       0x34 ./Drivers/STM32F4xx_HAL_Driver/Src/stm32f4xx_hal_pcd.o
 .ARM.attributes
                0x0000024b       0x34 ./Drivers/STM32F4xx_HAL_Driver/Src/stm32f4xx_hal_pcd_ex.o
 .ARM.attributes
                0x0000027f       0x34 ./Drivers/STM32F4xx_HAL_Driver/Src/stm32f4xx_hal_rcc.o
 .ARM.attributes
                0x000002b3       0x34 ./Drivers/STM32F4xx_HAL_Driver/Src/stm32f4xx_hal_rcc_ex.o
 .ARM.attributes
                0x000002e7       0x34 ./Drivers/STM32F4xx_HAL_Driver/Src/stm32f4xx_ll_usb.o
 .ARM.attributes
                0x0000031b       0x34 ./Middlewares/ST/STM32_USB_Device_Library/Class/CDC/Src/usbd_cdc.o
 .ARM.attributes
                0x0000034f       0x34 ./Middlewares/ST/STM32_USB_Device_Library/Core/Src/usbd_core.o
 .ARM.attributes
                0x00000383       0x34 ./Middlewares/ST/STM32_USB_Device_Library/Core/Src/usbd_ctlreq.o
 .ARM.attributes
                0x000003b7       0x34 ./Middlewares/ST/STM32_USB_Device_Library/Core/Src/usbd_ioreq.o
 .ARM.attributes
                0x000003eb       0x34 ./USB_DEVICE/App/usb_device.o
 .ARM.attributes
                0x0000041f       0x34 ./USB_DEVICE/App/usbd_cdc_if.o
 .ARM.attributes
                0x00000453       0x34 ./USB_DEVICE/App/usbd_desc.o
 .ARM.attributes
                0x00000487       0x34 ./USB_DEVICE/Target/usbd_conf.o
 .ARM.attributes
                0x000004bb       0x34 C:/ST/STM32CubeIDE_1.16.0/STM32CubeIDE/plugins/com.st.stm32cube.ide.mcu.externaltools.gnu-tools-for-stm32.12.3.rel1.win32_1.0.200.202406191623/tools/bin/../lib/gcc/arm-none-eabi/12.3.1/../../../../arm-none-eabi/lib/thumb/v7e-m+fp/hard\libc_nano.a(libc_a-findfp.o)
 .ARM.attributes
                0x000004ef       0x34 C:/ST/STM32CubeIDE_1.16.0/STM32CubeIDE/plugins/com.st.stm32cube.ide.mcu.externaltools.gnu-tools-for-stm32.12.3.rel1.win32_1.0.200.202406191623/tools/bin/../lib/gcc/arm-none-eabi/12.3.1/../../../../arm-none-eabi/lib/thumb/v7e-m+fp/hard\libc_nano.a(libc_a-snprintf.o)
 .ARM.attributes
                0x00000523       0x34 C:/ST/STM32CubeIDE_1.16.0/STM32CubeIDE/plugins/com.st.stm32cube.ide.mcu.externaltools.gnu-tools-for-stm32.12.3.rel1.win32_1.0.200.202406191623/tools/bin/../lib/gcc/arm-none-eabi/12.3.1/../../../../arm-none-eabi/lib/thumb/v7e-m+fp/hard\libc_nano.a(libc_a-memset.o)
 .ARM.attributes
                0x00000557       0x34 C:/ST/STM32CubeIDE_1.16.0/STM32CubeIDE/plugins/com.st.stm32cube.ide.mcu.externaltools.gnu-tools-for-stm32.12.3.rel1.win32_1.0.200.202406191623/tools/bin/../lib/gcc/arm-none-eabi/12.3.1/../../../../arm-none-eabi/lib/thumb/v7e-m+fp/hard\libc_nano.a(libc_a-reent.o)
 .ARM.attributes
                0x0000058b       0x34 C:/ST/STM32CubeIDE_1.16.0/STM32CubeIDE/plugins/com.st.stm32cube.ide.mcu.externaltools.gnu-tools-for-stm32.12.3.rel1.win32_1.0.200.202406191623/tools/bin/../lib/gcc/arm-none-eabi/12.3.1/../../../../arm-none-eabi/lib/thumb/v7e-m+fp/hard\libc_nano.a(libc_a-impure.o)
 .ARM.attributes
                0x000005bf       0x34 C:/ST/STM32CubeIDE_1.16.0/STM32CubeIDE/plugins/com.st.stm32cube.ide.mcu.externaltools.gnu-tools-for-stm32.12.3.rel1.win32_1.0.200.202406191623/tools/bin/../lib/gcc/arm-none-eabi/12.3.1/../../../../arm-none-eabi/lib/thumb/v7e-m+fp/hard\libc_nano.a(libc_a-errno.o)
 .ARM.attributes
                0x000005f3       0x34 C:/ST/STM32CubeIDE_1.16.0/STM32CubeIDE/plugins/com.st.stm32cube.ide.mcu.externaltools.gnu-tools-for-stm32.12.3.rel1.win32_1.0.200.202406191623/tools/bin/../lib/gcc/arm-none-eabi/12.3.1/../../../../arm-none-eabi/lib/thumb/v7e-m+fp/hard\libc_nano.a(libc_a-init.o)
 .ARM.attributes
                0x00000627       0x34 C:/ST/STM32CubeIDE_1.16.0/STM32CubeIDE/plugins/com.st.stm32cube.ide.mcu.externaltools.gnu-tools-for-stm32.12.3.rel1.win32_1.0.200.202406191623/tools/bin/../lib/gcc/arm-none-eabi/12.3.1/../../../../arm-none-eabi/lib/thumb/v7e-m+fp/hard\libc_nano.a(libc_a-lock.o)
 .ARM.attributes
                0x0000065b       0x34 C:/ST/STM32CubeIDE_1.16.0/STM32CubeIDE/plugins/com.st.stm32cube.ide.mcu.externaltools.gnu-tools-for-stm32.12.3.rel1.win32_1.0.200.202406191623/tools/bin/../lib/gcc/arm-none-eabi/12.3.1/../../../../arm-none-eabi/lib/thumb/v7e-m+fp/hard\libc_nano.a(libc_a-freer.o)
 .ARM.attributes
                0x0000068f       0x34 C:/ST/STM32CubeIDE_1.16.0/STM32CubeIDE/plugins/com.st.stm32cube.ide.mcu.externaltools.gnu-tools-for-stm32.12.3.rel1.win32_1.0.200.202406191623/tools/bin/../lib/gcc/arm-none-eabi/12.3.1/../../../../arm-none-eabi/lib/thumb/v7e-m+fp/hard\libc_nano.a(libc_a-mallocr.o)
 .ARM.attributes
                0x000006c3       0x34 C:/ST/STM32CubeIDE_1.16.0/STM32CubeIDE/plugins/com.st.stm32cube.ide.mcu.externaltools.gnu-tools-for-stm32.12.3.rel1.win32_1.0.200.202406191623/tools/bin/../lib/gcc/arm-none-eabi/12.3.1/../../../../arm-none-eabi/lib/thumb/v7e-m+fp/hard\libc_nano.a(libc_a-mlock.o)
 .ARM.attributes
                0x000006f7       0x34 C:/ST/STM32CubeIDE_1.16.0/STM32CubeIDE/plugins/com.st.stm32cube.ide.mcu.externaltools.gnu-tools-for-stm32.12.3.rel1.win32_1.0.200.202406191623/tools/bin/../lib/gcc/arm-none-eabi/12.3.1/../../../../arm-none-eabi/lib/thumb/v7e-m+fp/hard\libc_nano.a(libc_a-nano-svfprintf.o)
 .ARM.attributes
                0x0000072b       0x34 C:/ST/STM32CubeIDE_1.16.0/STM32CubeIDE/plugins/com.st.stm32cube.ide.mcu.externaltools.gnu-tools-for-stm32.12.3.rel1.win32_1.0.200.202406191623/tools/bin/../lib/gcc/arm-none-eabi/12.3.1/../../../../arm-none-eabi/lib/thumb/v7e-m+fp/hard\libc_nano.a(libc_a-nano-vfprintf_i.o)
 .ARM.attributes
                0x0000075f       0x34 C:/ST/STM32CubeIDE_1.16.0/STM32CubeIDE/plugins/com.st.stm32cube.ide.mcu.externaltools.gnu-tools-for-stm32.12.3.rel1.win32_1.0.200.202406191623/tools/bin/../lib/gcc/arm-none-eabi/12.3.1/../../../../arm-none-eabi/lib/thumb/v7e-m+fp/hard\libc_nano.a(libc_a-memmove.o)
 .ARM.attributes
                0x00000793       0x34 C:/ST/STM32CubeIDE_1.16.0/STM32CubeIDE/plugins/com.st.stm32cube.ide.mcu.externaltools.gnu-tools-for-stm32.12.3.rel1.win32_1.0.200.202406191623/tools/bin/../lib/gcc/arm-none-eabi/12.3.1/../../../../arm-none-eabi/lib/thumb/v7e-m+fp/hard\libc_nano.a(libc_a-sbrkr.o)
 .ARM.attributes
                0x000007c7       0x1c C:/ST/STM32CubeIDE_1.16.0/STM32CubeIDE/plugins/com.st.stm32cube.ide.mcu.externaltools.gnu-tools-for-stm32.12.3.rel1.win32_1.0.200.202406191623/tools/bin/../lib/gcc/arm-none-eabi/12.3.1/../../../../arm-none-eabi/lib/thumb/v7e-m+fp/hard\libc_nano.a(libc_a-memchr.o)
 .ARM.attributes
                0x000007e3       0x34 C:/ST/STM32CubeIDE_1.16.0/STM32CubeIDE/plugins/com.st.stm32cube.ide.mcu.externaltools.gnu-tools-for-stm32.12.3.rel1.win32_1.0.200.202406191623/tools/bin/../lib/gcc/arm-none-eabi/12.3.1/../../../../arm-none-eabi/lib/thumb/v7e-m+fp/hard\libc_nano.a(libc_a-memcpy-stub.o)
 .ARM.attributes
                0x00000817       0x34 C:/ST/STM32CubeIDE_1.16.0/STM32CubeIDE/plugins/com.st.stm32cube.ide.mcu.externaltools.gnu-tools-for-stm32.12.3.rel1.win32_1.0.200.202406191623/tools/bin/../lib/gcc/arm-none-eabi/12.3.1/../../../../arm-none-eabi/lib/thumb/v7e-m+fp/hard\libc_nano.a(libc_a-reallocr.o)
 .ARM.attributes
                0x0000084b       0x34 C:/ST/STM32CubeIDE_1.16.0/STM32CubeIDE/plugins/com.st.stm32cube.ide.mcu.externaltools.gnu-tools-for-stm32.12.3.rel1.win32_1.0.200.202406191623/tools/bin/../lib/gcc/arm-none-eabi/12.3.1/../../../../arm-none-eabi/lib/thumb/v7e-m+fp/hard\libc_nano.a(libc_a-msizer.o)
 .ARM.attributes
                0x0000087f       0x22 C:/ST/STM32CubeIDE_1.16.0/STM32CubeIDE/plugins/com.st.stm32cube.ide.mcu.externaltools.gnu-tools-for-stm32.12.3.rel1.win32_1.0.200.202406191623/tools/bin/../lib/gcc/arm-none-eabi/12.3.1/thumb/v7e-m+fp/hard\libgcc.a(_aeabi_uldivmod.o)
 .ARM.attributes
                0x000008a1       0x34 C:/ST/STM32CubeIDE_1.16.0/STM32CubeIDE/plugins/com.st.stm32cube.ide.mcu.externaltools.gnu-tools-for-stm32.12.3.rel1.win32_1.0.200.202406191623/tools/bin/../lib/gcc/arm-none-eabi/12.3.1/thumb/v7e-m+fp/hard\libgcc.a(_udivmoddi4.o)
 .ARM.attributes
                0x000008d5       0x22 C:/ST/STM32CubeIDE_1.16.0/STM32CubeIDE/plugins/com.st.stm32cube.ide.mcu.externaltools.gnu-tools-for-stm32.12.3.rel1.win32_1.0.200.202406191623/tools/bin/../lib/gcc/arm-none-eabi/12.3.1/thumb/v7e-m+fp/hard\libgcc.a(_dvmd_tls.o)
 .ARM.attributes
                0x000008f7       0x22 C:/ST/STM32CubeIDE_1.16.0/STM32CubeIDE/plugins/com.st.stm32cube.ide.mcu.externaltools.gnu-tools-for-stm32.12.3.rel1.win32_1.0.200.202406191623/tools/bin/../lib/gcc/arm-none-eabi/12.3.1/thumb/v7e-m+fp/hard/crtn.o
OUTPUT(Node-Core-V1_Demo_Code.elf elf32-littlearm)
LOAD linker stubs
LOAD C:/ST/STM32CubeIDE_1.16.0/STM32CubeIDE/plugins/com.st.stm32cube.ide.mcu.externaltools.gnu-tools-for-stm32.12.3.rel1.win32_1.0.200.202406191623/tools/bin/../lib/gcc/arm-none-eabi/12.3.1/../../../../arm-none-eabi/lib/thumb/v7e-m+fp/hard\libc.a
LOAD C:/ST/STM32CubeIDE_1.16.0/STM32CubeIDE/plugins/com.st.stm32cube.ide.mcu.externaltools.gnu-tools-for-stm32.12.3.rel1.win32_1.0.200.202406191623/tools/bin/../lib/gcc/arm-none-eabi/12.3.1/../../../../arm-none-eabi/lib/thumb/v7e-m+fp/hard\libm.a
LOAD C:/ST/STM32CubeIDE_1.16.0/STM32CubeIDE/plugins/com.st.stm32cube.ide.mcu.externaltools.gnu-tools-for-stm32.12.3.rel1.win32_1.0.200.202406191623/tools/bin/../lib/gcc/arm-none-eabi/12.3.1/thumb/v7e-m+fp/hard\libgcc.a

.debug_info     0x00000000     0xe3b6
 .debug_info    0x00000000      0x75c ./Core/Src/main.o
 .debug_info    0x0000075c      0x275 ./Core/Src/stm32f4xx_hal_msp.o
 .debug_info    0x000009d1      0x685 ./Core/Src/stm32f4xx_it.o
 .debug_info    0x00001056      0x168 ./Core/Src/sysmem.o
 .debug_info    0x000011be      0x520 ./Core/Src/system_stm32f4xx.o
 .debug_info    0x000016de       0x30 ./Core/Startup/startup_stm32f412cgux.o
 .debug_info    0x0000170e      0x93a ./Drivers/STM32F4xx_HAL_Driver/Src/stm32f4xx_hal.o
 .debug_info    0x00002048      0xd3f ./Drivers/STM32F4xx_HAL_Driver/Src/stm32f4xx_hal_cortex.o
 .debug_info    0x00002d87      0x6e7 ./Drivers/STM32F4xx_HAL_Driver/Src/stm32f4xx_hal_gpio.o
 .debug_info    0x0000346e     0x15e3 ./Drivers/STM32F4xx_HAL_Driver/Src/stm32f4xx_hal_pcd.o
 .debug_info    0x00004a51      0x883 ./Drivers/STM32F4xx_HAL_Driver/Src/stm32f4xx_hal_pcd_ex.o
 .debug_info    0x000052d4      0x8ac ./Drivers/STM32F4xx_HAL_Driver/Src/stm32f4xx_hal_rcc.o
 .debug_info    0x00005b80      0x793 ./Drivers/STM32F4xx_HAL_Driver/Src/stm32f4xx_hal_rcc_ex.o
 .debug_info    0x00006313     0x19f1 ./Drivers/STM32F4xx_HAL_Driver/Src/stm32f4xx_ll_usb.o
 .debug_info    0x00007d04     0x1315 ./Middlewares/ST/STM32_USB_Device_Library/Class/CDC/Src/usbd_cdc.o
 .debug_info    0x00009019      0xe12 ./Middlewares/ST/STM32_USB_Device_Library/Core/Src/usbd_core.o
 .debug_info    0x00009e2b      0xaeb ./Middlewares/ST/STM32_USB_Device_Library/Core/Src/usbd_ctlreq.o
 .debug_info    0x0000a916      0x762 ./Middlewares/ST/STM32_USB_Device_Library/Core/Src/usbd_ioreq.o
 .debug_info    0x0000b078      0x70e ./USB_DEVICE/App/usb_device.o
 .debug_info    0x0000b786      0x907 ./USB_DEVICE/App/usbd_cdc_if.o
 .debug_info    0x0000c08d      0x4ba ./USB_DEVICE/App/usbd_desc.o
 .debug_info    0x0000c547     0x1e6f ./USB_DEVICE/Target/usbd_conf.o

.debug_abbrev   0x00000000     0x2cd9
 .debug_abbrev  0x00000000      0x23b ./Core/Src/main.o
 .debug_abbrev  0x0000023b       0xd8 ./Core/Src/stm32f4xx_hal_msp.o
 .debug_abbrev  0x00000313      0x1a4 ./Core/Src/stm32f4xx_it.o
 .debug_abbrev  0x000004b7       0xbc ./Core/Src/sysmem.o
 .debug_abbrev  0x00000573      0x11a ./Core/Src/system_stm32f4xx.o
 .debug_abbrev  0x0000068d       0x24 ./Core/Startup/startup_stm32f412cgux.o
 .debug_abbrev  0x000006b1      0x214 ./Drivers/STM32F4xx_HAL_Driver/Src/stm32f4xx_hal.o
 .debug_abbrev  0x000008c5      0x328 ./Drivers/STM32F4xx_HAL_Driver/Src/stm32f4xx_hal_cortex.o
 .debug_abbrev  0x00000bed      0x1d4 ./Drivers/STM32F4xx_HAL_Driver/Src/stm32f4xx_hal_gpio.o
 .debug_abbrev  0x00000dc1      0x2d0 ./Drivers/STM32F4xx_HAL_Driver/Src/stm32f4xx_hal_pcd.o
 .debug_abbrev  0x00001091      0x25a ./Drivers/STM32F4xx_HAL_Driver/Src/stm32f4xx_hal_pcd_ex.o
 .debug_abbrev  0x000012eb      0x2ab ./Drivers/STM32F4xx_HAL_Driver/Src/stm32f4xx_hal_rcc.o
 .debug_abbrev  0x00001596      0x1e4 ./Drivers/STM32F4xx_HAL_Driver/Src/stm32f4xx_hal_rcc_ex.o
 .debug_abbrev  0x0000177a      0x2b3 ./Drivers/STM32F4xx_HAL_Driver/Src/stm32f4xx_ll_usb.o
 .debug_abbrev  0x00001a2d      0x2d2 ./Middlewares/ST/STM32_USB_Device_Library/Class/CDC/Src/usbd_cdc.o
 .debug_abbrev  0x00001cff      0x27c ./Middlewares/ST/STM32_USB_Device_Library/Core/Src/usbd_core.o
 .debug_abbrev  0x00001f7b      0x26f ./Middlewares/ST/STM32_USB_Device_Library/Core/Src/usbd_ctlreq.o
 .debug_abbrev  0x000021ea      0x19a ./Middlewares/ST/STM32_USB_Device_Library/Core/Src/usbd_ioreq.o
 .debug_abbrev  0x00002384      0x195 ./USB_DEVICE/App/usb_device.o
 .debug_abbrev  0x00002519      0x29d ./USB_DEVICE/App/usbd_cdc_if.o
 .debug_abbrev  0x000027b6      0x1e3 ./USB_DEVICE/App/usbd_desc.o
 .debug_abbrev  0x00002999      0x340 ./USB_DEVICE/Target/usbd_conf.o

.debug_aranges  0x00000000      0xbf8
 .debug_aranges
                0x00000000       0x38 ./Core/Src/main.o
 .debug_aranges
                0x00000038       0x20 ./Core/Src/stm32f4xx_hal_msp.o
 .debug_aranges
                0x00000058       0x68 ./Core/Src/stm32f4xx_it.o
 .debug_aranges
                0x000000c0       0x20 ./Core/Src/sysmem.o
 .debug_aranges
                0x000000e0       0x28 ./Core/Src/system_stm32f4xx.o
 .debug_aranges
                0x00000108       0x28 ./Core/Startup/startup_stm32f412cgux.o
 .debug_aranges
                0x00000130       0xf0 ./Drivers/STM32F4xx_HAL_Driver/Src/stm32f4xx_hal.o
 .debug_aranges
                0x00000220      0x120 ./Drivers/STM32F4xx_HAL_Driver/Src/stm32f4xx_hal_cortex.o
 .debug_aranges
                0x00000340       0x58 ./Drivers/STM32F4xx_HAL_Driver/Src/stm32f4xx_hal_gpio.o
 .debug_aranges
                0x00000398      0x148 ./Drivers/STM32F4xx_HAL_Driver/Src/stm32f4xx_hal_pcd.o
 .debug_aranges
                0x000004e0       0x60 ./Drivers/STM32F4xx_HAL_Driver/Src/stm32f4xx_hal_pcd_ex.o
 .debug_aranges
                0x00000540       0x88 ./Drivers/STM32F4xx_HAL_Driver/Src/stm32f4xx_hal_rcc.o
 .debug_aranges
                0x000005c8       0x60 ./Drivers/STM32F4xx_HAL_Driver/Src/stm32f4xx_hal_rcc_ex.o
 .debug_aranges
                0x00000628      0x1a0 ./Drivers/STM32F4xx_HAL_Driver/Src/stm32f4xx_ll_usb.o
 .debug_aranges
                0x000007c8       0x90 ./Middlewares/ST/STM32_USB_Device_Library/Class/CDC/Src/usbd_cdc.o
 .debug_aranges
                0x00000858       0xd8 ./Middlewares/ST/STM32_USB_Device_Library/Core/Src/usbd_core.o
 .debug_aranges
                0x00000930       0x90 ./Middlewares/ST/STM32_USB_Device_Library/Core/Src/usbd_ctlreq.o
 .debug_aranges
                0x000009c0       0x50 ./Middlewares/ST/STM32_USB_Device_Library/Core/Src/usbd_ioreq.o
 .debug_aranges
                0x00000a10       0x20 ./USB_DEVICE/App/usb_device.o
 .debug_aranges
                0x00000a30       0x48 ./USB_DEVICE/App/usbd_cdc_if.o
 .debug_aranges
                0x00000a78       0x68 ./USB_DEVICE/App/usbd_desc.o
 .debug_aranges
                0x00000ae0      0x118 ./USB_DEVICE/Target/usbd_conf.o

.debug_rnglists
                0x00000000      0x8d1
 .debug_rnglists
                0x00000000       0x28 ./Core/Src/main.o
 .debug_rnglists
                0x00000028       0x13 ./Core/Src/stm32f4xx_hal_msp.o
 .debug_rnglists
                0x0000003b       0x49 ./Core/Src/stm32f4xx_it.o
 .debug_rnglists
                0x00000084       0x13 ./Core/Src/sysmem.o
 .debug_rnglists
                0x00000097       0x1a ./Core/Src/system_stm32f4xx.o
 .debug_rnglists
                0x000000b1       0x19 ./Core/Startup/startup_stm32f412cgux.o
 .debug_rnglists
                0x000000ca       0xaf ./Drivers/STM32F4xx_HAL_Driver/Src/stm32f4xx_hal.o
 .debug_rnglists
                0x00000179       0xd4 ./Drivers/STM32F4xx_HAL_Driver/Src/stm32f4xx_hal_cortex.o
 .debug_rnglists
                0x0000024d       0x3f ./Drivers/STM32F4xx_HAL_Driver/Src/stm32f4xx_hal_gpio.o
 .debug_rnglists
                0x0000028c       0xfa ./Drivers/STM32F4xx_HAL_Driver/Src/stm32f4xx_hal_pcd.o
 .debug_rnglists
                0x00000386       0x45 ./Drivers/STM32F4xx_HAL_Driver/Src/stm32f4xx_hal_pcd_ex.o
 .debug_rnglists
                0x000003cb       0x65 ./Drivers/STM32F4xx_HAL_Driver/Src/stm32f4xx_hal_rcc.o
 .debug_rnglists
                0x00000430       0x4a ./Drivers/STM32F4xx_HAL_Driver/Src/stm32f4xx_hal_rcc_ex.o
 .debug_rnglists
                0x0000047a      0x147 ./Drivers/STM32F4xx_HAL_Driver/Src/stm32f4xx_ll_usb.o
 .debug_rnglists
                0x000005c1       0x6c ./Middlewares/ST/STM32_USB_Device_Library/Class/CDC/Src/usbd_cdc.o
 .debug_rnglists
                0x0000062d       0xa1 ./Middlewares/ST/STM32_USB_Device_Library/Core/Src/usbd_core.o
 .debug_rnglists
                0x000006ce       0x6e ./Middlewares/ST/STM32_USB_Device_Library/Core/Src/usbd_ctlreq.o
 .debug_rnglists
                0x0000073c       0x37 ./Middlewares/ST/STM32_USB_Device_Library/Core/Src/usbd_ioreq.o
 .debug_rnglists
                0x00000773       0x13 ./USB_DEVICE/App/usb_device.o
 .debug_rnglists
                0x00000786       0x32 ./USB_DEVICE/App/usbd_cdc_if.o
 .debug_rnglists
                0x000007b8       0x49 ./USB_DEVICE/App/usbd_desc.o
 .debug_rnglists
                0x00000801       0xd0 ./USB_DEVICE/Target/usbd_conf.o

.debug_macro    0x00000000    0x1fd30
 .debug_macro   0x00000000      0x391 ./Core/Src/main.o
 .debug_macro   0x00000391      0xab4 ./Core/Src/main.o
 .debug_macro   0x00000e45      0x295 ./Core/Src/main.o
 .debug_macro   0x000010da       0x2e ./Core/Src/main.o
 .debug_macro   0x00001108       0x28 ./Core/Src/main.o
 .debug_macro   0x00001130       0x22 ./Core/Src/main.o
 .debug_macro   0x00001152       0x8e ./Core/Src/main.o
 .debug_macro   0x000011e0       0x51 ./Core/Src/main.o
 .debug_macro   0x00001231      0x103 ./Core/Src/main.o
 .debug_macro   0x00001334       0x6a ./Core/Src/main.o
 .debug_macro   0x0000139e      0x1df ./Core/Src/main.o
 .debug_macro   0x0000157d       0x1c ./Core/Src/main.o
 .debug_macro   0x00001599       0x22 ./Core/Src/main.o
 .debug_macro   0x000015bb       0xfb ./Core/Src/main.o
 .debug_macro   0x000016b6     0x1011 ./Core/Src/main.o
 .debug_macro   0x000026c7      0x11f ./Core/Src/main.o
 .debug_macro   0x000027e6    0x13076 ./Core/Src/main.o
 .debug_macro   0x0001585c       0x6d ./Core/Src/main.o
 .debug_macro   0x000158c9     0x368c ./Core/Src/main.o
 .debug_macro   0x00018f55      0x189 ./Core/Src/main.o
 .debug_macro   0x000190de       0x5c ./Core/Src/main.o
 .debug_macro   0x0001913a      0x861 ./Core/Src/main.o
 .debug_macro   0x0001999b      0x9e9 ./Core/Src/main.o
 .debug_macro   0x0001a384      0x115 ./Core/Src/main.o
 .debug_macro   0x0001a499      0x192 ./Core/Src/main.o
 .debug_macro   0x0001a62b       0xa5 ./Core/Src/main.o
 .debug_macro   0x0001a6d0      0x151 ./Core/Src/main.o
 .debug_macro   0x0001a821      0x287 ./Core/Src/main.o
 .debug_macro   0x0001aaa8       0x5f ./Core/Src/main.o
 .debug_macro   0x0001ab07      0x236 ./Core/Src/main.o
 .debug_macro   0x0001ad3d      0x132 ./Core/Src/main.o
 .debug_macro   0x0001ae6f      0x29c ./Core/Src/main.o
 .debug_macro   0x0001b10b       0x2e ./Core/Src/main.o
 .debug_macro   0x0001b139      0x127 ./Core/Src/main.o
 .debug_macro   0x0001b260       0x91 ./Core/Src/main.o
 .debug_macro   0x0001b2f1       0x89 ./Core/Src/main.o
 .debug_macro   0x0001b37a      0x293 ./Core/Src/main.o
 .debug_macro   0x0001b60d       0xba ./Core/Src/main.o
 .debug_macro   0x0001b6c7      0x126 ./Core/Src/main.o
 .debug_macro   0x0001b7ed       0x10 ./Core/Src/main.o
 .debug_macro   0x0001b7fd       0x61 ./Core/Src/main.o
 .debug_macro   0x0001b85e       0x2a ./Core/Src/main.o
 .debug_macro   0x0001b888       0x43 ./Core/Src/main.o
 .debug_macro   0x0001b8cb       0x34 ./Core/Src/main.o
 .debug_macro   0x0001b8ff       0x16 ./Core/Src/main.o
 .debug_macro   0x0001b915       0x35 ./Core/Src/main.o
 .debug_macro   0x0001b94a      0x369 ./Core/Src/main.o
 .debug_macro   0x0001bcb3       0x10 ./Core/Src/main.o
 .debug_macro   0x0001bcc3       0x16 ./Core/Src/main.o
 .debug_macro   0x0001bcd9       0x43 ./Core/Src/main.o
 .debug_macro   0x0001bd1c       0x34 ./Core/Src/main.o
 .debug_macro   0x0001bd50       0x10 ./Core/Src/main.o
 .debug_macro   0x0001bd60       0x58 ./Core/Src/main.o
 .debug_macro   0x0001bdb8       0x8e ./Core/Src/main.o
 .debug_macro   0x0001be46       0x1c ./Core/Src/main.o
 .debug_macro   0x0001be62      0x177 ./Core/Src/main.o
 .debug_macro   0x0001bfd9       0x16 ./Core/Src/main.o
 .debug_macro   0x0001bfef       0x16 ./Core/Src/main.o
 .debug_macro   0x0001c005      0x146 ./Core/Src/main.o
 .debug_macro   0x0001c14b       0x16 ./Core/Src/main.o
 .debug_macro   0x0001c161       0x16 ./Core/Src/main.o
 .debug_macro   0x0001c177       0x29 ./Core/Src/main.o
 .debug_macro   0x0001c1a0       0x16 ./Core/Src/main.o
 .debug_macro   0x0001c1b6       0x20 ./Core/Src/main.o
 .debug_macro   0x0001c1d6       0x65 ./Core/Src/main.o
 .debug_macro   0x0001c23b      0x20f ./Core/Src/main.o
 .debug_macro   0x0001c44a       0x95 ./Core/Src/main.o
 .debug_macro   0x0001c4df       0x10 ./Core/Src/main.o
 .debug_macro   0x0001c4ef      0x1e3 ./Core/Src/stm32f4xx_hal_msp.o
 .debug_macro   0x0001c6d2      0x1ed ./Core/Src/stm32f4xx_it.o
 .debug_macro   0x0001c8bf       0xff ./Core/Src/sysmem.o
 .debug_macro   0x0001c9be      0x23c ./Core/Src/sysmem.o
 .debug_macro   0x0001cbfa      0x1d4 ./Core/Src/system_stm32f4xx.o
 .debug_macro   0x0001cdce      0x234 ./Drivers/STM32F4xx_HAL_Driver/Src/stm32f4xx_hal.o
 .debug_macro   0x0001d002      0x1d4 ./Drivers/STM32F4xx_HAL_Driver/Src/stm32f4xx_hal_cortex.o
 .debug_macro   0x0001d1d6      0x1da ./Drivers/STM32F4xx_HAL_Driver/Src/stm32f4xx_hal_gpio.o
 .debug_macro   0x0001d3b0      0x1e0 ./Drivers/STM32F4xx_HAL_Driver/Src/stm32f4xx_hal_pcd.o
 .debug_macro   0x0001d590      0x1d4 ./Drivers/STM32F4xx_HAL_Driver/Src/stm32f4xx_hal_pcd_ex.o
 .debug_macro   0x0001d764      0x1f8 ./Drivers/STM32F4xx_HAL_Driver/Src/stm32f4xx_hal_rcc.o
 .debug_macro   0x0001d95c      0x1d4 ./Drivers/STM32F4xx_HAL_Driver/Src/stm32f4xx_hal_rcc_ex.o
 .debug_macro   0x0001db30      0x1d4 ./Drivers/STM32F4xx_HAL_Driver/Src/stm32f4xx_ll_usb.o
 .debug_macro   0x0001dd04      0x372 ./Middlewares/ST/STM32_USB_Device_Library/Class/CDC/Src/usbd_cdc.o
 .debug_macro   0x0001e076       0x9e ./Middlewares/ST/STM32_USB_Device_Library/Class/CDC/Src/usbd_cdc.o
 .debug_macro   0x0001e114      0x10b ./Middlewares/ST/STM32_USB_Device_Library/Class/CDC/Src/usbd_cdc.o
 .debug_macro   0x0001e21f       0x56 ./Middlewares/ST/STM32_USB_Device_Library/Class/CDC/Src/usbd_cdc.o
 .debug_macro   0x0001e275      0x359 ./Middlewares/ST/STM32_USB_Device_Library/Core/Src/usbd_core.o
 .debug_macro   0x0001e5ce      0x215 ./Middlewares/ST/STM32_USB_Device_Library/Core/Src/usbd_core.o
 .debug_macro   0x0001e7e3      0x363 ./Middlewares/ST/STM32_USB_Device_Library/Core/Src/usbd_ctlreq.o
 .debug_macro   0x0001eb46      0x35f ./Middlewares/ST/STM32_USB_Device_Library/Core/Src/usbd_ioreq.o
 .debug_macro   0x0001eea5      0x392 ./USB_DEVICE/App/usb_device.o
 .debug_macro   0x0001f237       0x16 ./USB_DEVICE/App/usb_device.o
 .debug_macro   0x0001f24d       0x22 ./USB_DEVICE/App/usb_device.o
 .debug_macro   0x0001f26f       0x16 ./USB_DEVICE/App/usb_device.o
 .debug_macro   0x0001f285      0x37d ./USB_DEVICE/App/usbd_cdc_if.o
 .debug_macro   0x0001f602      0x39c ./USB_DEVICE/App/usbd_desc.o
 .debug_macro   0x0001f99e       0x1c ./USB_DEVICE/App/usbd_desc.o
 .debug_macro   0x0001f9ba      0x376 ./USB_DEVICE/Target/usbd_conf.o

.debug_line     0x00000000    0x10ce7
 .debug_line    0x00000000      0xaeb ./Core/Src/main.o
 .debug_line    0x00000aeb      0x74d ./Core/Src/stm32f4xx_hal_msp.o
 .debug_line    0x00001238      0x827 ./Core/Src/stm32f4xx_it.o
 .debug_line    0x00001a5f      0x583 ./Core/Src/sysmem.o
 .debug_line    0x00001fe2      0x7d1 ./Core/Src/system_stm32f4xx.o
 .debug_line    0x000027b3       0x7a ./Core/Startup/startup_stm32f412cgux.o
 .debug_line    0x0000282d      0xa38 ./Drivers/STM32F4xx_HAL_Driver/Src/stm32f4xx_hal.o
 .debug_line    0x00003265      0xd02 ./Drivers/STM32F4xx_HAL_Driver/Src/stm32f4xx_hal_cortex.o
 .debug_line    0x00003f67      0xb62 ./Drivers/STM32F4xx_HAL_Driver/Src/stm32f4xx_hal_gpio.o
 .debug_line    0x00004ac9     0x1545 ./Drivers/STM32F4xx_HAL_Driver/Src/stm32f4xx_hal_pcd.o
 .debug_line    0x0000600e      0x95a ./Drivers/STM32F4xx_HAL_Driver/Src/stm32f4xx_hal_pcd_ex.o
 .debug_line    0x00006968      0xd9e ./Drivers/STM32F4xx_HAL_Driver/Src/stm32f4xx_hal_rcc.o
 .debug_line    0x00007706     0x1067 ./Drivers/STM32F4xx_HAL_Driver/Src/stm32f4xx_hal_rcc_ex.o
 .debug_line    0x0000876d     0x1da1 ./Drivers/STM32F4xx_HAL_Driver/Src/stm32f4xx_ll_usb.o
 .debug_line    0x0000a50e      0xed2 ./Middlewares/ST/STM32_USB_Device_Library/Class/CDC/Src/usbd_cdc.o
 .debug_line    0x0000b3e0      0xf4c ./Middlewares/ST/STM32_USB_Device_Library/Core/Src/usbd_core.o
 .debug_line    0x0000c32c     0x1142 ./Middlewares/ST/STM32_USB_Device_Library/Core/Src/usbd_ctlreq.o
 .debug_line    0x0000d46e      0xa66 ./Middlewares/ST/STM32_USB_Device_Library/Core/Src/usbd_ioreq.o
 .debug_line    0x0000ded4      0xa22 ./USB_DEVICE/App/usb_device.o
 .debug_line    0x0000e8f6      0xa85 ./USB_DEVICE/App/usbd_cdc_if.o
 .debug_line    0x0000f37b      0xb06 ./USB_DEVICE/App/usbd_desc.o
 .debug_line    0x0000fe81      0xe66 ./USB_DEVICE/Target/usbd_conf.o

.debug_str      0x00000000    0xb1d7d
 .debug_str     0x00000000    0xadff5 ./Core/Src/main.o
                              0xae30f (size before relaxing)
 .debug_str     0x000adff5       0x2c ./Core/Src/stm32f4xx_hal_msp.o
                              0xa9a26 (size before relaxing)
 .debug_str     0x000ae021      0x4d2 ./Core/Src/stm32f4xx_it.o
                              0xa9e0d (size before relaxing)
 .debug_str     0x000ae4f3      0x4dc ./Core/Src/sysmem.o
                               0x60ca (size before relaxing)
 .debug_str     0x000ae9cf       0xdb ./Core/Src/system_stm32f4xx.o
                              0xa9aa1 (size before relaxing)
 .debug_str     0x000aeaaa       0x44 ./Core/Startup/startup_stm32f412cgux.o
                                 0x7d (size before relaxing)
 .debug_str     0x000aeaee      0xac3 ./Drivers/STM32F4xx_HAL_Driver/Src/stm32f4xx_hal.o
                              0xaa5f2 (size before relaxing)
 .debug_str     0x000af5b1      0x366 ./Drivers/STM32F4xx_HAL_Driver/Src/stm32f4xx_hal_cortex.o